Component: Arm Compiler for Embedded 6.22 Tool: armlink [5ee90200]

==============================================================================

Section Cross References

    principal.o(.text.main) refers to girouette.o(.text.Girouette_Config) for Girouette_Config
    principal.o(.text.main) refers to voile.o(.text.Voile_config) for Voile_config
    principal.o(.text.main) refers to plateau.o(.text.Plateau_config) for Plateau_config
    principal.o(.text.main) refers to uart.o(.text.UART_config) for UART_config
    principal.o(.text.main) refers to batterie.o(.text.ADC_Config) for ADC_Config
    principal.o(.text.main) refers to girouette.o(.text.Girouette_Read) for Girouette_Read
    principal.o(.text.main) refers to principal.o(.bss.angle) for angle
    principal.o(.text.main) refers to uart.o(.text.UART_Angle_Message) for UART_Angle_Message
    principal.o(.text.main) refers to batterie.o(.text.Batterie_read) for Batterie_read
    principal.o(.text.main) refers to batterie.o(.text.Batterie_write) for Batterie_write
    principal.o(.text.main) refers to voile.o(.text.Voile_Affine) for Voile_Affine
    principal.o(.text.main) refers to principal.o(.bss.teta) for teta
    principal.o(.text.main) refers to voile.o(.text.Voile_Set_teta) for Voile_Set_teta
    principal.o(.text.main) refers to uart.o(.text.UART_ReceiveChar) for UART_ReceiveChar
    principal.o(.text.main) refers to principal.o(.bss.sens) for sens
    principal.o(.text.main) refers to plateau.o(.text.Plateau_Sens) for Plateau_Sens
    principal.o(.text.main) refers to plateau.o(.text.Plateau_PWM) for Plateau_PWM
    principal.o(.text.main) refers to principal.o(.bss.vitesse) for vitesse
    principal.o(.ARM.exidx.text.main) refers to principal.o(.text.main) for [Anonymous Symbol]
    girouette.o(.text.Girouette_Config) refers to girouette.o(.text.__NVIC_EnableIRQ) for __NVIC_EnableIRQ
    girouette.o(.ARM.exidx.text.Girouette_Config) refers to girouette.o(.text.Girouette_Config) for [Anonymous Symbol]
    girouette.o(.ARM.exidx.text.__NVIC_EnableIRQ) refers to girouette.o(.text.__NVIC_EnableIRQ) for [Anonymous Symbol]
    girouette.o(.text.Girouette_Read) refers to dflt_clz.o(x$fpl$dflt) for __aeabi_i2d
    girouette.o(.text.Girouette_Read) refers to d2f.o(x$fpl$d2f) for __aeabi_d2f
    girouette.o(.ARM.exidx.text.Girouette_Read) refers to girouette.o(.text.Girouette_Read) for [Anonymous Symbol]
    girouette.o(.text.EXTI4_IRQHandler) refers to girouette.o(.bss.interruption) for interruption
    girouette.o(.ARM.exidx.text.EXTI4_IRQHandler) refers to girouette.o(.text.EXTI4_IRQHandler) for [Anonymous Symbol]
    mytimer.o(.ARM.exidx.text.MyTimer_Base_Init) refers to mytimer.o(.text.MyTimer_Base_Init) for [Anonymous Symbol]
    mytimer.o(.text.TIM1_UP_IRQHandler) refers to mytimer.o(.bss.f1) for f1
    mytimer.o(.ARM.exidx.text.TIM1_UP_IRQHandler) refers to mytimer.o(.text.TIM1_UP_IRQHandler) for [Anonymous Symbol]
    mytimer.o(.text.TIM2_IRQHandler) refers to mytimer.o(.bss.f2) for f2
    mytimer.o(.ARM.exidx.text.TIM2_IRQHandler) refers to mytimer.o(.text.TIM2_IRQHandler) for [Anonymous Symbol]
    mytimer.o(.text.TIM3_IRQHandler) refers to mytimer.o(.bss.f3) for f3
    mytimer.o(.ARM.exidx.text.TIM3_IRQHandler) refers to mytimer.o(.text.TIM3_IRQHandler) for [Anonymous Symbol]
    mytimer.o(.text.TIM4_IRQHandler) refers to mytimer.o(.bss.f4) for f4
    mytimer.o(.ARM.exidx.text.TIM4_IRQHandler) refers to mytimer.o(.text.TIM4_IRQHandler) for [Anonymous Symbol]
    mytimer.o(.ARM.exidx.text.MyTimer_Rapport_Cyclique) refers to mytimer.o(.text.MyTimer_Rapport_Cyclique) for [Anonymous Symbol]
    mytimer.o(.ARM.exidx.text.MyTimer_PWM) refers to mytimer.o(.text.MyTimer_PWM) for [Anonymous Symbol]
    voile.o(.ARM.exidx.text.Voile_config) refers to voile.o(.text.Voile_config) for [Anonymous Symbol]
    voile.o(.text.Voile_Affine) refers to f2d.o(x$fpl$f2d) for __aeabi_f2d
    voile.o(.text.Voile_Affine) refers to dcmp.o(x$fpl$fcmp) for __aeabi_dcmpgt
    voile.o(.text.Voile_Affine) refers to dmul.o(x$fpl$dmul) for __aeabi_dmul
    voile.o(.text.Voile_Affine) refers to daddsub_clz.o(x$fpl$dadd) for __aeabi_dadd
    voile.o(.text.Voile_Affine) refers to d2f.o(x$fpl$d2f) for __aeabi_d2f
    voile.o(.ARM.exidx.text.Voile_Affine) refers to voile.o(.text.Voile_Affine) for [Anonymous Symbol]
    voile.o(.text.Voile_Set_teta) refers to voile.o(.text.Voile_Affine) for Voile_Affine
    voile.o(.text.Voile_Set_teta) refers to voile.o(.text.map_angle_to_pwm) for map_angle_to_pwm
    voile.o(.ARM.exidx.text.Voile_Set_teta) refers to voile.o(.text.Voile_Set_teta) for [Anonymous Symbol]
    voile.o(.text.map_angle_to_pwm) refers to f2d.o(x$fpl$f2d) for __aeabi_f2d
    voile.o(.text.map_angle_to_pwm) refers to ddiv.o(x$fpl$ddiv) for __aeabi_ddiv
    voile.o(.text.map_angle_to_pwm) refers to dfix.o(x$fpl$dfix) for __aeabi_d2iz
[...]
    .ARM.Collect$$_printf_percent$$00000009  0x080001c0   Section        6  _printf_d.o(.ARM.Collect$$_printf_percent$$00000009)
    .ARM.Collect$$_printf_percent$$0000000A  0x080001c6   Section        6  _printf_u.o(.ARM.Collect$$_printf_percent$$0000000A)
    .ARM.Collect$$_printf_percent$$0000000B  0x080001cc   Section        6  _printf_o.o(.ARM.Collect$$_printf_percent$$0000000B)
    .ARM.Collect$$_printf_percent$$0000000C  0x080001d2   Section        6  _printf_x.o(.ARM.Collect$$_printf_percent$$0000000C)
    .ARM.Collect$$_printf_percent$$0000000D  0x080001d8   Section        6  _printf_lli.o(.ARM.Collect$$_printf_percent$$0000000D)
    .ARM.Collect$$_printf_percent$$0000000E  0x080001de   Section        6  _printf_lld.o(.ARM.Collect$$_printf_percent$$0000000E)
    .ARM.Collect$$_printf_percent$$0000000F  0x080001e4   Section        6  _printf_llu.o(.ARM.Collect$$_printf_percent$$0000000F)
    .ARM.Collect$$_printf_percent$$00000010  0x080001ea   Section        6  _printf_llo.o(.ARM.Collect$$_printf_percent$$00000010)
    .ARM.Collect$$_printf_percent$$00000011  0x080001f0   Section        6  _printf_llx.o(.ARM.Collect$$_printf_percent$$00000011)
    .ARM.Collect$$_printf_percent$$00000012  0x080001f6   Section       10  _printf_l.o(.ARM.Collect$$_printf_percent$$00000012)
    .ARM.Collect$$_printf_percent$$00000013  0x08000200   Section        6  _printf_c.o(.ARM.Collect$$_printf_percent$$00000013)
    .ARM.Collect$$_printf_percent$$00000014  0x08000206   Section        6  _printf_s.o(.ARM.Collect$$_printf_percent$$00000014)
    .ARM.Collect$$_printf_percent$$00000015  0x0800020c   Section        6  _printf_lc.o(.ARM.Collect$$_printf_percent$$00000015)
    .ARM.Collect$$_printf_percent$$00000016  0x08000212   Section        6  _printf_ls.o(.ARM.Collect$$_printf_percent$$00000016)
    .ARM.Collect$$_printf_percent$$00000017  0x08000218   Section        4  _printf_percent_end.o(.ARM.Collect$$_printf_percent$$00000017)
    .ARM.Collect$$libinit$$00000000          0x0800021c   Section        2  libinit.o(.ARM.Collect$$libinit$$00000000)
    .ARM.Collect$$libinit$$00000002          0x0800021e   Section        0  libinit2.o(.ARM.Collect$$libinit$$00000002)
    .ARM.Collect$$libinit$$00000004          0x0800021e   Section        0  libinit2.o(.ARM.Collect$$libinit$$00000004)
    .ARM.Collect$$libinit$$00000006          0x0800021e   Section        0  libinit2.o(.ARM.Collect$$libinit$$00000006)
    .ARM.Collect$$libinit$$0000000C          0x0800021e   Section        0  libinit2.o(.ARM.Collect$$libinit$$0000000C)
    .ARM.Collect$$libinit$$0000000E          0x0800021e   Section        0  libinit2.o(.ARM.Collect$$libinit$$0000000E)
    .ARM.Collect$$libinit$$00000010          0x0800021e   Section        0  libinit2.o(.ARM.Collect$$libinit$$00000010)
    .ARM.Collect$$libinit$$00000011          0x0800021e   Section        6  libinit2.o(.ARM.Collect$$libinit$$00000011)
    .ARM.Collect$$libinit$$00000013          0x08000224   Section        0  libinit2.o(.ARM.Collect$$libinit$$00000013)
    .ARM.Collect$$libinit$$00000014          0x08000224   Section       12  libinit2.o(.ARM.Collect$$libinit$$00000014)
    .ARM.Collect$$libinit$$00000015          0x08000230   Section        0  libinit2.o(.ARM.Collect$$libinit$$00000015)
    .ARM.Collect$$libinit$$00000017          0x08000230   Section        0  libinit2.o(.ARM.Collect$$libinit$$00000017)
    .ARM.Collect$$libinit$$00000018          0x08000230   Section       10  libinit2.o(.ARM.Collect$$libinit$$00000018)
    .ARM.Collect$$libinit$$00000019          0x0800023a   Section        0  libinit2.o(.ARM.Collect$$libinit$$00000019)
    .ARM.Collect$$libinit$$0000001B          0x0800023a   Section        0  libinit2.o(.ARM.Collect$$libinit$$0000001B)
    .ARM.Collect$$libinit$$0000001D          0x0800023a   Section        0  libinit2.o(.ARM.Collect$$libinit$$0000001D)
    .ARM.Collect$$libinit$$0000001F          0x0800023a   Section        0  libinit2.o(.ARM.Collect$$libinit$$0000001F)
    .ARM.Collect$$libinit$$00000021          0x0800023a   Section        0  libinit2.o(.ARM.Collect$$libinit$$00000021)
    .ARM.Collect$$libinit$$00000023          0x0800023a   Section        0  libinit2.o(.ARM.Collect$$libinit$$00000023)
    .ARM.Collect$$libinit$$00000025          0x0800023a   Section        0  libinit2.o(.ARM.Collect$$libinit$$00000025)
    .ARM.Collect$$libinit$$00000027          0x0800023a   Section        0  libinit2.o(.ARM.Collect$$libinit$$00000027)
    .ARM.Collect$$libinit$$0000002E          0x0800023a   Section        0  libinit2.o(.ARM.Collect$$libinit$$0000002E)
    .ARM.Collect$$libinit$$00000030          0x0800023a   Section        0  libinit2.o(.ARM.Collect$$libinit$$00000030)
    .ARM.Collect$$libinit$$00000032          0x0800023a   Section        0  libinit2.o(.ARM.Collect$$libinit$$00000032)
    .ARM.Collect$$libinit$$00000034          0x0800023a   Section        0  libinit2.o(.ARM.Collect$$libinit$$00000034)
    .ARM.Collect$$libinit$$00000035          0x0800023a   Section        2  libinit2.o(.ARM.Collect$$libinit$$00000035)
    .ARM.Collect$$libshutdown$$00000000      0x0800023c   Section        2  libshutdown.o(.ARM.Collect$$libshutdown$$00000000)
    .ARM.Collect$$libshutdown$$00000002      0x0800023e   Section        0  libshutdown2.o(.ARM.Collect$$libshutdown$$00000002)
    .ARM.Collect$$libshutdown$$00000004      0x0800023e   Section        0  libshutdown2.o(.ARM.Collect$$libshutdown$$00000004)
    .ARM.Collect$$libshutdown$$00000007      0x0800023e   Section        0  libshutdown2.o(.ARM.Collect$$libshutdown$$00000007)
    .ARM.Collect$$libshutdown$$0000000A      0x0800023e   Section        0  libshutdown2.o(.ARM.Collect$$libshutdown$$0000000A)
    .ARM.Collect$$libshutdown$$0000000C      0x0800023e   Section        0  libshutdown2.o(.ARM.Collect$$libshutdown$$0000000C)
    .ARM.Collect$$libshutdown$$0000000F      0x0800023e   Section        0  libshutdown2.o(.ARM.Collect$$libshutdown$$0000000F)
    .ARM.Collect$$libshutdown$$00000010      0x0800023e   Section        2  libshutdown2.o(.ARM.Collect$$libshutdown$$00000010)
    .ARM.Collect$$rtentry$$00000000          0x08000240   Section        0  __rtentry.o(.ARM.Collect$$rtentry$$00000000)
    .ARM.Collect$$rtentry$$00000002          0x08000240   Section        0  __rtentry2.o(.ARM.Collect$$rtentry$$00000002)
    .ARM.Collect$$rtentry$$00000004          0x08000240   Section        6  __rtentry4.o(.ARM.Collect$$rtentry$$00000004)
    .ARM.Collect$$rtentry$$00000009          0x08000246   Section        0  __rtentry2.o(.ARM.Collect$$rtentry$$00000009)
    .ARM.Collect$$rtentry$$0000000A          0x08000246   Section        4  __rtentry2.o(.ARM.Collect$$rtentry$$0000000A)
    .ARM.Collect$$rtentry$$0000000C          0x0800024a   Section        0  __rtentry2.o(.ARM.Collect$$rtentry$$0000000C)
    .ARM.Collect$$rtentry$$0000000D          0x0800024a   Section        8  __rtentry2.o(.ARM.Collect$$rtentry$$0000000D)
    .ARM.Collect$$rtexit$$00000000           0x08000252   Section        2  rtexit.o(.ARM.Collect$$rtexit$$00000000)
    .ARM.Collect$$rtexit$$00000002           0x08000254   Section        0  rtexit2.o(.ARM.Collect$$rtexit$$00000002)
    .ARM.Collect$$rtexit$$00000003           0x08000254   Section        4  rtexit2.o(.ARM.Collect$$rtexit$$00000003)
    .ARM.Collect$$rtexit$$00000004           0x08000258   Section        6  rtexit2.o(.ARM.Collect$$rtexit$$00000004)
    .text                                    0x08000260   Section       64  startup_stm32f10x_md.o(.text)
    .text                                    0x080002a0   Section        0  sprintf.o(.text)
    .text                                    0x080002cc   Section        0  heapauxi.o(.text)
    .text                                    0x080002d2   Section        0  _printf_pad.o(.text)
    .text                                    0x08000320   Section        0  _printf_truncate.o(.text)
    .text                                    0x08000344   Section        0  _printf_str.o(.text)
    .text                                    0x08000398   Section        0  _printf_dec.o(.text)
    .text                                    0x08000410   Section        0  _printf_charcount.o(.text)
    _printf_input_char                       0x08000439   Thumb Code    10  _printf_char_common.o(.text)
    .text                                    0x08000438   Section        0  _printf_char_common.o(.text)
    .text                                    0x08000468   Section        0  _sputc.o(.text)
    .text                                    0x08000474   Section        0  _printf_wctomb.o(.text)
    .text                                    0x08000530   Section        0  _printf_longlong_dec.o(.text)
    _printf_longlong_oct_internal            0x080005ad   Thumb Code     0  _printf_oct_int_ll.o(.text)
    .text                                    0x080005ac   Section        0  _printf_oct_int_ll.o(.text)
    _printf_hex_common                       0x0800061d   Thumb Code     0  _printf_hex_int_ll_ptr.o(.text)
    .text                                    0x0800061c   Section        0  _printf_hex_int_ll_ptr.o(.text)
    .text                                    0x080006b0   Section        0  __printf_flags_ss_wp.o(.text)
    .text                                    0x08000838   Section      138  lludiv10.o(.text)
    .text                                    0x080008c2   Section        0  _printf_intcommon.o(.text)
    _fp_digits                               0x08000975   Thumb Code   432  _printf_fp_dec.o(.text)
    .text                                    0x08000974   Section        0  _printf_fp_dec.o(.text)
    .text                                    0x08000d90   Section        0  _printf_fp_hex.o(.text)
    .text                                    0x0800108c   Section        0  _printf_char.o(.text)
    .text                                    0x080010b8   Section        0  _printf_wchar.o(.text)
    .text                                    0x080010e4   Section        0  _c16rtomb.o(.text)
    .text                                    0x0800112c   Section       74  sys_stackheap_outer.o(.text)
    .text                                    0x08001178   Section       16  rt_ctype_table.o(.text)
    .text                                    0x08001188   Section        8  rt_locale_intlibspace.o(.text)
    .text                                    0x08001190   Section        0  _printf_fp_infnan.o(.text)
    .text                                    0x08001210   Section        0  bigflt0.o(.text)
    .text                                    0x080012f4   Section        0  exit.o(.text)
    .text                                    0x08001308   Section        8  libspace.o(.text)
    .text                                    0x08001310   Section      128  strcmpv7m.o(.text)
    .text                                    0x08001390   Section        0  sys_exit.o(.text)
    .text                                    0x0800139c   Section        2  use_no_semi.o(.text)
    .text                                    0x0800139e   Section        0  indicate_semi.o(.text)
    [Anonymous Symbol]                       0x080013a0   Section        0  batterie.o(.text.ADC_Config)
    [Anonymous Symbol]                       0x08001400   Section        0  batterie.o(.text.ADC_Read)
    [Anonymous Symbol]                       0x08001434   Section        0  batterie.o(.text.Batterie_read)
    [Anonymous Symbol]                       0x08001488   Section        0  batterie.o(.text.Batterie_write)
    [Anonymous Symbol]                       0x080014cc   Section        0  girouette.o(.text.EXTI4_IRQHandler)
    [Anonymous Symbol]                       0x08001528   Section        0  girouette.o(.text.Girouette_Config)
    [Anonymous Symbol]                       0x08001618   Section        0  girouette.o(.text.Girouette_Read)
    [Anonymous Symbol]                       0x0800164c   Section        0  plateau.o(.text.Plateau_PWM)
    [Anonymous Symbol]                       0x080016a4   Section        0  plateau.o(.text.Plateau_Sens)
    [Anonymous Symbol]                       0x080016e8   Section        0  plateau.o(.text.Plateau_config)
    SetSysClock                              0x0800179d   Thumb Code     8  system_stm32f10x_1.o(.text.SetSysClock)
    [Anonymous Symbol]                       0x0800179c   Section        0  system_stm32f10x_1.o(.text.SetSysClock)
    SetSysClockTo72                          0x080017a5   Thumb Code   290  system_stm32f10x_1.o(.text.SetSysClockTo72)
    [Anonymous Symbol]                       0x080017a4   Section        0  system_stm32f10x_1.o(.text.SetSysClockTo72)
    [Anonymous Symbol]                       0x080018c8   Section        0  system_stm32f10x_1.o(.text.SystemInit)
    [Anonymous Symbol]                       0x08001930   Section        0  mytimer.o(.text.TIM1_UP_IRQHandler)
    [Anonymous Symbol]                       0x08001950   Section        0  mytimer.o(.text.TIM2_IRQHandler)
    [Anonymous Symbol]                       0x08001980   Section        0  mytimer.o(.text.TIM3_IRQHandler)
    [Anonymous Symbol]                       0x080019a0   Section        0  mytimer.o(.text.TIM4_IRQHandler)
    [Anonymous Symbol]                       0x080019c0   Section        0  uart.o(.text.UART_Angle_Message)
    [Anonymous Symbol]                       0x08001d94   Section        0  uart.o(.text.UART_ReceiveChar)
    [Anonymous Symbol]                       0x08001db8   Section        0  uart.o(.text.UART_SendChar)
    [Anonymous Symbol]                       0x08001de8   Section        0  uart.o(.text.UART_SendString)
    [Anonymous Symbol]                       0x08001e0c   Section        0  uart.o(.text.UART_config)
    [Anonymous Symbol]                       0x08001e64   Section        0  voile.o(.text.Voile_Affine)
    [Anonymous Symbol]                       0x08001f34   Section        0  voile.o(.text.Voile_Set_teta)
    [Anonymous Symbol]                       0x08001f58   Section        0  voile.o(.text.Voile_config)
    __NVIC_EnableIRQ                         0x08001ff5   Thumb Code    48  girouette.o(.text.__NVIC_EnableIRQ)
    [Anonymous Symbol]                       0x08001ff4   Section        0  girouette.o(.text.__NVIC_EnableIRQ)
    [Anonymous Symbol]                       0x08002024   Section        0  principal.o(.text.main)
    [Anonymous Symbol]                       0x080020e0   Section        0  voile.o(.text.map_angle_to_pwm)
    CL$$btod_d2e                             0x08002178   Section       62  btod.o(CL$$btod_d2e)
    CL$$btod_d2e_denorm_low                  0x080021b6   Section       70  btod.o(CL$$btod_d2e_denorm_low)
    CL$$btod_d2e_norm_op1                    0x080021fc   Section       96  btod.o(CL$$btod_d2e_norm_op1)
    CL$$btod_div_common                      0x0800225c   Section      824  btod.o(CL$$btod_div_common)
    CL$$btod_e2e                             0x08002594   Section      220  btod.o(CL$$btod_e2e)
    CL$$btod_ediv                            0x08002670   Section       42  btod.o(CL$$btod_ediv)
    CL$$btod_emul                            0x0800269a   Section       42  btod.o(CL$$btod_emul)
    CL$$btod_mult_common                     0x080026c4   Section      580  btod.o(CL$$btod_mult_common)
    i.__ARM_fpclassify                       0x08002908   Section        0  fpclassify.o(i.__ARM_fpclassify)
    i._is_digit                              0x08002930   Section        0  __printf_wp.o(i._is_digit)
    locale$$code                             0x08002940   Section       44  lc_numeric_c.o(locale$$code)
    locale$$code                             0x0800296c   Section       44  lc_ctype_c.o(locale$$code)
    x$fpl$d2f                                0x08002998   Section       98  d2f.o(x$fpl$d2f)
    x$fpl$dadd                               0x080029fc   Section      336  daddsub_clz.o(x$fpl$dadd)
    _dadd1                                   0x08002a0d   Thumb Code     0  daddsub_clz.o(x$fpl$dadd)
    x$fpl$dcmpinf                            0x08002b4c   Section       24  dcmpi.o(x$fpl$dcmpinf)
    x$fpl$ddiv                               0x08002b64   Section      696  ddiv.o(x$fpl$ddiv)
    ddiv_entry                               0x08002b6b   Thumb Code     0  ddiv.o(x$fpl$ddiv)
    x$fpl$deqf                               0x08002e1c   Section      120  deqf.o(x$fpl$deqf)
    x$fpl$dfix                               0x08002e94   Section       94  dfix.o(x$fpl$dfix)
    x$fpl$dflt                               0x08002ef2   Section       46  dflt_clz.o(x$fpl$dflt)
    x$fpl$dgeqf                              0x08002f20   Section      120  dgeqf.o(x$fpl$dgeqf)
    x$fpl$dleqf                              0x08002f98   Section      120  dleqf.o(x$fpl$dleqf)
    x$fpl$dmul                               0x08003010   Section      340  dmul.o(x$fpl$dmul)
    x$fpl$dnaninf                            0x08003164   Section      156  dnaninf.o(x$fpl$dnaninf)
    x$fpl$dretinf                            0x08003200   Section       12  dretinf.o(x$fpl$dretinf)
    x$fpl$dsub                               0x0800320c   Section      476  daddsub_clz.o(x$fpl$dsub)
    _dsub1                                   0x0800321d   Thumb Code     0  daddsub_clz.o(x$fpl$dsub)
    x$fpl$f2d                                0x080033e8   Section       86  f2d.o(x$fpl$f2d)
    x$fpl$fcmp                               0x0800343e   Section       84  dcmp.o(x$fpl$fcmp)
    x$fpl$fcmp                               0x08003492   Section       84  fcmp.o(x$fpl$fcmp)
    x$fpl$fcmpinf                            0x080034e6   Section       24  fcmpi.o(x$fpl$fcmpinf)
    _fdiv1                                   0x08003501   Thumb Code     0  fdiv.o(x$fpl$fdiv)
    x$fpl$fdiv                               0x08003500   Section      388  fdiv.o(x$fpl$fdiv)
    x$fpl$feqf                               0x08003684   Section      104  feqf.o(x$fpl$feqf)
    x$fpl$ffix                               0x080036ec   Section       54  ffix.o(x$fpl$ffix)
    x$fpl$fflt                               0x08003724   Section       48  fflt_clz.o(x$fpl$fflt)
    x$fpl$fgeqf                              0x08003754   Section      104  fgeqf.o(x$fpl$fgeqf)
    x$fpl$fleqf                              0x080037bc   Section      104  fleqf.o(x$fpl$fleqf)
    x$fpl$fmul                               0x08003824   Section      258  fmul.o(x$fpl$fmul)
    x$fpl$fnaninf                            0x08003926   Section      140  fnaninf.o(x$fpl$fnaninf)
    x$fpl$fretinf                            0x080039b2   Section       10  fretinf.o(x$fpl$fretinf)
    x$fpl$printf1                            0x080039bc   Section        4  printf1.o(x$fpl$printf1)
    x$fpl$printf2                            0x080039c0   Section        4  printf2.o(x$fpl$printf2)
    initial_mbstate                          0x080039c4   Data           8  _printf_wctomb.o(.constdata)
    .constdata                               0x080039c4   Section        8  _printf_wctomb.o(.constdata)
    x$fpl$usenofp                            0x080039c4   Section        0  usenofp.o(x$fpl$usenofp)
    uc_hextab                                0x080039cc   Data          20  _printf_hex_int_ll_ptr.o(.constdata)
    .constdata                               0x080039cc   Section       40  _printf_hex_int_ll_ptr.o(.constdata)
    lc_hextab                                0x080039e0   Data          20  _printf_hex_int_ll_ptr.o(.constdata)
    maptable                                 0x080039f4   Data          17  __printf_flags_ss_wp.o(.constdata)
    .constdata                               0x080039f4   Section       17  __printf_flags_ss_wp.o(.constdata)
    lc_hextab                                0x08003a05   Data          19  _printf_fp_hex.o(.constdata)
    .constdata                               0x08003a05   Section       38  _printf_fp_hex.o(.constdata)
    uc_hextab                                0x08003a18   Data          19  _printf_fp_hex.o(.constdata)
    tenpwrs_x                                0x08003a2c   Data          60  bigflt0.o(.constdata)
    .constdata                               0x08003a2c   Section      148  bigflt0.o(.constdata)
    tenpwrs_i                                0x08003a68   Data          64  bigflt0.o(.constdata)
    .L.str.7                                 0x08003ac0   Data          36  uart.o(.rodata.str1.1)
    [Anonymous Symbol]                       0x08003ac0   Section        0  uart.o(.rodata.str1.1)
    .L.str.6                                 0x08003ae4   Data          37  uart.o(.rodata.str1.1)
    .L.str.3                                 0x08003b09   Data          37  uart.o(.rodata.str1.1)
    .L.str.5                                 0x08003b2e   Data          30  uart.o(.rodata.str1.1)
    .L.str.2                                 0x08003b4c   Data          33  uart.o(.rodata.str1.1)
    .L.str.1                                 0x08003b6d   Data          28  uart.o(.rodata.str1.1)
    .L.str.4                                 0x08003b89   Data          31  uart.o(.rodata.str1.1)
    .L.str                                   0x08003ba8   Data          35  uart.o(.rodata.str1.1)
    .L.str                                   0x08003bcb   Data          15  batterie.o(.rodata.str1.1)
    [Anonymous Symbol]                       0x08003bcb   Section        0  batterie.o(.rodata.str1.1)
    locale$$data                             0x08003bfc   Section       28  lc_numeric_c.o(locale$$data)
    __lcnum_c_name                           0x08003c00   Data           2  lc_numeric_c.o(locale$$data)
    __lcnum_c_start                          0x08003c08   Data           0  lc_numeric_c.o(locale$$data)
    __lcnum_c_point                          0x08003c14   Data           0  lc_numeric_c.o(locale$$data)
    __lcnum_c_thousands                      0x08003c16   Data           0  lc_numeric_c.o(locale$$data)
    __lcnum_c_grouping                       0x08003c17   Data           0  lc_numeric_c.o(locale$$data)
    __lcnum_c_end                            0x08003c18   Data           0  lc_numeric_c.o(locale$$data)
    locale$$data                             0x08003c18   Section      272  lc_ctype_c.o(locale$$data)
    __lcctype_c_name                         0x08003c1c   Data           2  lc_ctype_c.o(locale$$data)
    __lcctype_c_start                        0x08003c24   Data           0  lc_ctype_c.o(locale$$data)
    __lcctype_c_end                          0x08003d28   Data           0  lc_ctype_c.o(locale$$data)
    .bss                                     0x20000008   Section       96  libspace.o(.bss)
    Heap_Mem                                 0x20000088   Data         512  startup_stm32f10x_md.o(HEAP)
    HEAP                                     0x20000088   Section      512  startup_stm32f10x_md.o(HEAP)
    Stack_Mem                                0x20000288   Data        1024  startup_stm32f10x_md.o(STACK)
    STACK                                    0x20000288   Section     1024  startup_stm32f10x_md.o(STACK)
    __initial_sp                             0x20000688   Data           0  startup_stm32f10x_md.o(STACK)

    Global Symbols

    Symbol Name                              Value     Ov Type        Size  Object(Section)

    BuildAttributes$$THM_ISAv4$P$D$K$B$S$PE$A:L22UL41UL21$X:L11$S22US41US21$IEEE1$IW$~IW$USESV6$~STKCKD$USESV7$~SHL$OTIME$ROPI$IEEEJ$EBA8$UX$STANDARDLIB$REQ8$PRES8$EABIv2 0x00000000   Number         0  anon$$obj.o ABSOLUTE
    __fp_init_empty                          0x00000000   Number         0  fpinit_empty.o ABSOLUTE
    _printf_flags                            0x00000000   Number         0  printf_stubs.o ABSOLUTE
    _printf_return_value                     0x00000000   Number         0  printf_stubs.o ABSOLUTE
    _printf_sizespec                         0x00000000   Number         0  printf_stubs.o ABSOLUTE
    _printf_widthprec                        0x00000000   Number         0  printf_stubs.o ABSOLUTE
    __ARM_exceptions_init                     - Undefined Weak Reference
    __alloca_initialize                       - Undefined Weak Reference
    __arm_preinit_                            - Undefined Weak Reference
    __arm_relocate_pie_                       - Undefined Weak Reference
    __cpp_initialize__aeabi_                  - Undefined Weak Reference
    __cxa_finalize                            - Undefined Weak Reference
    __sigvec_lookup                           - Undefined Weak Reference
    _atexit_init                              - Undefined Weak Reference
    _call_atexit_fns                          - Undefined Weak Reference
    _clock_init                               - Undefined Weak Reference
    _fp_trap_init                             - Undefined Weak Reference
    _fp_trap_shutdown                         - Undefined Weak Reference
    _get_lc_collate                           - Undefined Weak Reference
    _get_lc_monetary                          - Undefined Weak Reference
    _get_lc_time                              - Undefined Weak Reference
    _getenv_init                              - Undefined Weak Reference
    _handle_redirection                       - Undefined Weak Reference
    _init_alloc                               - Undefined Weak Reference
    _init_user_alloc                          - Undefined Weak Reference
    _initio                                   - Undefined Weak Reference
    _printf_mbtowc                            - Undefined Weak Reference
    _printf_wc                                - Undefined Weak Reference
    _rand_init                                - Undefined Weak Reference
    _signal_finish                            - Undefined Weak Reference
    _signal_init                              - Undefined Weak Reference
    _terminate_alloc                          - Undefined Weak Reference
    _terminate_user_alloc                     - Undefined Weak Reference
    _terminateio                              - Undefined Weak Reference
    __Vectors_Size                           0x000000ec   Number         0  startup_stm32f10x_md.o ABSOLUTE
    __Vectors                                0x08000000   Data           4  startup_stm32f10x_md.o(RESET)
    __Vectors_End                            0x080000ec   Data           0  startup_stm32f10x_md.o(RESET)
    __main                                   0x080000ed   Thumb Code     8  __main.o(!!!main)
    __scatterload                            0x080000f5   Thumb Code     0  __scatter.o(!!!scatter)
    __scatterload_rt2                        0x080000f5   Thumb Code    84  __scatter.o(!!!scatter)
    __scatterload_rt2_thumb_only             0x080000f5   Thumb Code     0  __scatter.o(!!!scatter)
    __scatterload_loop                       0x080000ff   Thumb Code     0  __scatter.o(!!!scatter)
    __scatterload_copy                       0x08000151   Thumb Code    26  __scatter_copy.o(!!handler_copy)
    __scatterload_null                       0x0800016d   Thumb Code     2  __scatter.o(!!handler_null)
    __scatterload_zeroinit                   0x08000171   Thumb Code    28  __scatter_zi.o(!!handler_zi)
    _printf_n                                0x0800018d   Thumb Code     0  _printf_n.o(.ARM.Collect$$_printf_percent$$00000001)
    _printf_percent                          0x0800018d   Thumb Code     0  _printf_percent.o(.ARM.Collect$$_printf_percent$$00000000)
    _printf_p                                0x08000193   Thumb Code     0  _printf_p.o(.ARM.Collect$$_printf_percent$$00000002)
    _printf_f                                0x08000199   Thumb Code     0  _printf_f.o(.ARM.Collect$$_printf_percent$$00000003)
    _printf_e                                0x0800019f   Thumb Code     0  _printf_e.o(.ARM.Collect$$_printf_percent$$00000004)
    _printf_g                                0x080001a5   Thumb Code     0  _printf_g.o(.ARM.Collect$$_printf_percent$$00000005)
    _printf_a                                0x080001ab   Thumb Code     0  _printf_a.o(.ARM.Collect$$_printf_percent$$00000006)
    _printf_ll                               0x080001b1   Thumb Code     0  _printf_ll.o(.ARM.Collect$$_printf_percent$$00000007)
    _printf_i                                0x080001bb   Thumb Code     0  _printf_i.o(.ARM.Collect$$_printf_percent$$00000008)
    _printf_d                                0x080001c1   Thumb Code     0  _printf_d.o(.ARM.Collect$$_printf_percent$$00000009)
    _printf_u                                0x080001c7   Thumb Code     0  _printf_u.o(.ARM.Collect$$_printf_percent$$0000000A)
    _printf_o                                0x080001cd   Thumb Code     0  _printf_o.o(.ARM.Collect$$_printf_percent$$0000000B)
    _printf_x                                0x080001d3   Thumb Code     0  _printf_x.o(.ARM.Collect$$_printf_percent$$0000000C)
    _printf_lli                              0x080001d9   Thumb Code     0  _printf_lli.o(.ARM.Collect$$_printf_percent$$0000000D)
    _printf_lld                              0x080001df   Thumb Code     0  _printf_lld.o(.ARM.Collect$$_printf_percent$$0000000E)
    _printf_llu                              0x080001e5   Thumb Code     0  _printf_llu.o(.ARM.Collect$$_printf_percent$$0000000F)
    _printf_llo                              0x080001eb   Thumb Code     0  _printf_llo.o(.ARM.Collect$$_printf_percent$$00000010)
    _printf_llx                              0x080001f1   Thumb Code     0  _printf_llx.o(.ARM.Collect$$_printf_percent$$00000011)
    _printf_l                                0x080001f7   Thumb Code     0  _printf_l.o(.ARM.Collect$$_printf_percent$$00000012)
    _printf_c                                0x08000201   Thumb Code     0  _printf_c.o(.ARM.Collect$$_printf_percent$$00000013)
    _printf_s                                0x08000207   Thumb Code     0  _printf_s.o(.ARM.Collect$$_printf_percent$$00000014)
    _printf_lc                               0x0800020d   Thumb Code     0  _printf_lc.o(.ARM.Collect$$_printf_percent$$00000015)
    _printf_ls                               0x08000213   Thumb Code     0  _printf_ls.o(.ARM.Collect$$_printf_percent$$00000016)
    _printf_percent_end                      0x08000219   Thumb Code     0  _printf_percent_end.o(.ARM.Collect$$_printf_percent$$00000017)
    __rt_lib_init                            0x0800021d   Thumb Code     0  libinit.o(.ARM.Collect$$libinit$$00000000)
    __rt_lib_init_fp_1                       0x0800021f   Thumb Code     0  libinit2.o(.ARM.Collect$$libinit$$00000002)
    __rt_lib_init_heap_1                     0x0800021f   Thumb Code     0  libinit2.o(.ARM.Collect$$libinit$$0000000C)
    __rt_lib_init_lc_common                  0x0800021f   Thumb Code     0  libinit2.o(.ARM.Collect$$libinit$$00000011)
    __rt_lib_init_preinit_1                  0x0800021f   Thumb Code     0  libinit2.o(.ARM.Collect$$libinit$$00000006)
    __rt_lib_init_rand_1                     0x0800021f   Thumb Code     0  libinit2.o(.ARM.Collect$$libinit$$00000010)
    __rt_lib_init_relocate_pie_1             0x0800021f   Thumb Code     0  libinit2.o(.ARM.Collect$$libinit$$00000004)
    __rt_lib_init_user_alloc_1               0x0800021f   Thumb Code     0  libinit2.o(.ARM.Collect$$libinit$$0000000E)
    __rt_lib_init_lc_collate_1               0x08000225   Thumb Code     0  libinit2.o(.ARM.Collect$$libinit$$00000013)
    __rt_lib_init_lc_ctype_2                 0x08000225   Thumb Code     0  libinit2.o(.ARM.Collect$$libinit$$00000014)
    __rt_lib_init_lc_ctype_1                 0x08000231   Thumb Code     0  libinit2.o(.ARM.Collect$$libinit$$00000015)
    __rt_lib_init_lc_monetary_1              0x08000231   Thumb Code     0  libinit2.o(.ARM.Collect$$libinit$$00000017)
    __rt_lib_init_lc_numeric_2               0x08000231   Thumb Code     0  libinit2.o(.ARM.Collect$$libinit$$00000018)
    __rt_lib_init_alloca_1                   0x0800023b   Thumb Code     0  libinit2.o(.ARM.Collect$$libinit$$00000030)
    __rt_lib_init_argv_1                     0x0800023b   Thumb Code     0  libinit2.o(.ARM.Collect$$libinit$$0000002E)
    __rt_lib_init_atexit_1                   0x0800023b   Thumb Code     0  libinit2.o(.ARM.Collect$$libinit$$0000001D)
    __rt_lib_init_clock_1                    0x0800023b   Thumb Code     0  libinit2.o(.ARM.Collect$$libinit$$00000023)
    __rt_lib_init_cpp_1                      0x0800023b   Thumb Code     0  libinit2.o(.ARM.Collect$$libinit$$00000034)
    __rt_lib_init_exceptions_1               0x0800023b   Thumb Code     0  libinit2.o(.ARM.Collect$$libinit$$00000032)
    __rt_lib_init_fp_trap_1                  0x0800023b   Thumb Code     0  libinit2.o(.ARM.Collect$$libinit$$00000021)
    __rt_lib_init_getenv_1                   0x0800023b   Thumb Code     0  libinit2.o(.ARM.Collect$$libinit$$00000025)
    __rt_lib_init_lc_numeric_1               0x0800023b   Thumb Code     0  libinit2.o(.ARM.Collect$$libinit$$00000019)
    __rt_lib_init_lc_time_1                  0x0800023b   Thumb Code     0  libinit2.o(.ARM.Collect$$libinit$$0000001B)
    __rt_lib_init_return                     0x0800023b   Thumb Code     0  libinit2.o(.ARM.Collect$$libinit$$00000035)
    __rt_lib_init_signal_1                   0x0800023b   Thumb Code     0  libinit2.o(.ARM.Collect$$libinit$$0000001F)
    __rt_lib_init_stdio_1                    0x0800023b   Thumb Code     0  libinit2.o(.ARM.Collect$$libinit$$00000027)
    __rt_lib_shutdown                        0x0800023d   Thumb Code     0  libshutdown.o(.ARM.Collect$$libshutdown$$00000000)
    __rt_lib_shutdown_cpp_1                  0x0800023f   Thumb Code     0  libshutdown2.o(.ARM.Collect$$libshutdown$$00000002)
    __rt_lib_shutdown_fp_trap_1              0x0800023f   Thumb Code     0  libshutdown2.o(.ARM.Collect$$libshutdown$$00000007)
    __rt_lib_shutdown_heap_1                 0x0800023f   Thumb Code     0  libshutdown2.o(.ARM.Collect$$libshutdown$$0000000F)
    __rt_lib_shutdown_return                 0x0800023f   Thumb Code     0  libshutdown2.o(.ARM.Collect$$libshutdown$$00000010)
    __rt_lib_shutdown_signal_1               0x0800023f   Thumb Code     0  libshutdown2.o(.ARM.Collect$$libshutdown$$0000000A)
    __rt_lib_shutdown_stdio_1                0x0800023f   Thumb Code     0  libshutdown2.o(.ARM.Collect$$libshutdown$$00000004)
    __rt_lib_shutdown_user_alloc_1           0x0800023f   Thumb Code     0  libshutdown2.o(.ARM.Collect$$libshutdown$$0000000C)
    __rt_entry                               0x08000241   Thumb Code     0  __rtentry.o(.ARM.Collect$$rtentry$$00000000)
    __rt_entry_presh_1                       0x08000241   Thumb Code     0  __rtentry2.o(.ARM.Collect$$rtentry$$00000002)
    __rt_entry_sh                            0x08000241   Thumb Code     0  __rtentry4.o(.ARM.Collect$$rtentry$$00000004)
    __rt_entry_li                            0x08000247   Thumb Code     0  __rtentry2.o(.ARM.Collect$$rtentry$$0000000A)
    __rt_entry_postsh_1                      0x08000247   Thumb Code     0  __rtentry2.o(.ARM.Collect$$rtentry$$00000009)
    __rt_entry_main                          0x0800024b   Thumb Code     0  __rtentry2.o(.ARM.Collect$$rtentry$$0000000D)
    __rt_entry_postli_1                      0x0800024b   Thumb Code     0  __rtentry2.o(.ARM.Collect$$rtentry$$0000000C)
    __rt_exit                                0x08000253   Thumb Code     0  rtexit.o(.ARM.Collect$$rtexit$$00000000)
    __rt_exit_ls                             0x08000255   Thumb Code     0  rtexit2.o(.ARM.Collect$$rtexit$$00000003)
    __rt_exit_prels_1                        0x08000255   Thumb Code     0  rtexit2.o(.ARM.Collect$$rtexit$$00000002)
    __rt_exit_exit                           0x08000259   Thumb Code     0  rtexit2.o(.ARM.Collect$$rtexit$$00000004)
    Reset_Handler                            0x08000261   Thumb Code     8  startup_stm32f10x_md.o(.text)
    NMI_Handler                              0x08000269   Thumb Code     2  startup_stm32f10x_md.o(.text)
    HardFault_Handler                        0x0800026b   Thumb Code     2  startup_stm32f10x_md.o(.text)
    MemManage_Handler                        0x0800026d   Thumb Code     2  startup_stm32f10x_md.o(.text)
    BusFault_Handler                         0x0800026f   Thumb Code     2  startup_stm32f10x_md.o(.text)
    UsageFault_Handler                       0x08000271   Thumb Code     2  startup_stm32f10x_md.o(.text)
    SVC_Handler                              0x08000273   Thumb Code     2  startup_stm32f10x_md.o(.text)
    DebugMon_Handler                         0x08000275   Thumb Code     2  startup_stm32f10x_md.o(.text)
    PendSV_Handler                           0x08000277   Thumb Code     2  startup_stm32f10x_md.o(.text)
    SysTick_Handler                          0x08000279   Thumb Code     2  startup_stm32f10x_md.o(.text)
    ADC1_2_IRQHandler                        0x0800027b   Thumb Code     0  startup_stm32f10x_md.o(.text)
    CAN1_RX1_IRQHandler                      0x0800027b   Thumb Code     0  startup_stm32f10x_md.o(.text)
    CAN1_SCE_IRQHandler                      0x0800027b   Thumb Code     0  startup_stm32f10x_md.o(.text)
    DMA1_Channel1_IRQHandler                 0x0800027b   Thumb Code     0  startup_stm32f10x_md.o(.text)
    DMA1_Channel2_IRQHandler                 0x0800027b   Thumb Code     0  startup_stm32f10x_md.o(.text)
    DMA1_Channel3_IRQHandler                 0x0800027b   Thumb Code     0  startup_stm32f10x_md.o(.text)
    DMA1_Channel4_IRQHandler                 0x0800027b   Thumb Code     0  startup_stm32f10x_md.o(.text)
    DMA1_Channel5_IRQHandler                 0x0800027b   Thumb Code     0  startup_stm32f10x_md.o(.text)
    DMA1_Channel6_IRQHandler                 0x0800027b   Thumb Code     0  startup_stm32f10x_md.o(.text)
    DMA1_Channel7_IRQHandler                 0x0800027b   Thumb Code     0  startup_stm32f10x_md.o(.text)
    EXTI0_IRQHandler                         0x0800027b   Thumb Code     0  startup_stm32f10x_md.o(.text)
    EXTI15_10_IRQHandler                     0x0800027b   Thumb Code     0  startup_stm32f10x_md.o(.text)
    EXTI1_IRQHandler                         0x0800027b   Thumb Code     0  startup_stm32f10x_md.o(.text)
    EXTI2_IRQHandler                         0x0800027b   Thumb Code     0  startup_stm32f10x_md.o(.text)
    EXTI3_IRQHandler                         0x0800027b   Thumb Code     0  startup_stm32f10x_md.o(.text)
    EXTI9_5_IRQHandler                       0x0800027b   Thumb Code     0  startup_stm32f10x_md.o(.text)
    FLASH_IRQHandler                         0x0800027b   Thumb Code     0  startup_stm32f10x_md.o(.text)
    I2C1_ER_IRQHandler                       0x0800027b   Thumb Code     0  startup_stm32f10x_md.o(.text)
    I2C1_EV_IRQHandler                       0x0800027b   Thumb Code     0  startup_stm32f10x_md.o(.text)
    I2C2_ER_IRQHandler                       0x0800027b   Thumb Code     0  startup_stm32f10x_md.o(.text)
    I2C2_EV_IRQHandler                       0x0800027b   Thumb Code     0  startup_stm32f10x_md.o(.text)
    PVD_IRQHandler                           0x0800027b   Thumb Code     0  startup_stm32f10x_md.o(.text)
    RCC_IRQHandler                           0x0800027b   Thumb Code     0  startup_stm32f10x_md.o(.text)
    RTCAlarm_IRQHandler                      0x0800027b   Thumb Code     0  startup_stm32f10x_md.o(.text)
    RTC_IRQHandler                           0x0800027b   Thumb Code     0  startup_stm32f10x_md.o(.text)
    SPI1_IRQHandler                          0x0800027b   Thumb Code     0  startup_stm32f10x_md.o(.text)
    SPI2_IRQHandler                          0x0800027b   Thumb Code     0  startup_stm32f10x_md.o(.text)
    TAMPER_IRQHandler                        0x0800027b   Thumb Code     0  startup_stm32f10x_md.o(.text)
    TIM1_BRK_IRQHandler                      0x0800027b   Thumb Code     0  startup_stm32f10x_md.o(.text)
    TIM1_CC_IRQHandler                       0x0800027b   Thumb Code     0  startup_stm32f10x_md.o(.text)
    TIM1_TRG_COM_IRQHandler                  0x0800027b   Thumb Code     0  startup_stm32f10x_md.o(.text)
    USART1_IRQHandler                        0x0800027b   Thumb Code     0  startup_stm32f10x_md.o(.text)
    USART2_IRQHandler                        0x0800027b   Thumb Code     0  startup_stm32f10x_md.o(.text)
    USART3_IRQHandler                        0x0800027b   Thumb Code     0  startup_stm32f10x_md.o(.text)
    USBWakeUp_IRQHandler                     0x0800027b   Thumb Code     0  startup_stm32f10x_md.o(.text)
    USB_HP_CAN1_TX_IRQHandler                0x0800027b   Thumb Code     0  startup_stm32f10x_md.o(.text)
    USB_LP_CAN1_RX0_IRQHandler               0x0800027b   Thumb Code     0  startup_stm32f10x_md.o(.text)
    WWDG_IRQHandler                          0x0800027b   Thumb Code     0  startup_stm32f10x_md.o(.text)
    __user_initial_stackheap                 0x0800027d   Thumb Code     0  startup_stm32f10x_md.o(.text)
    sprintf                                  0x080002a1   Thumb Code    38  sprintf.o(.text)
    __use_two_region_memory                  0x080002cd   Thumb Code     2  heapauxi.o(.text)
    __rt_heap_escrow$2region                 0x080002cf   Thumb Code     2  heapauxi.o(.text)
    __rt_heap_expand$2region                 0x080002d1   Thumb Code     2  heapauxi.o(.text)
    _printf_pre_padding                      0x080002d3   Thumb Code    44  _printf_pad.o(.text)
    _printf_post_padding                     0x080002ff   Thumb Code    34  _printf_pad.o(.text)
    _printf_truncate_signed                  0x08000321   Thumb Code    18  _printf_truncate.o(.text)
    _printf_truncate_unsigned                0x08000333   Thumb Code    18  _printf_truncate.o(.text)
    _printf_str                              0x08000345   Thumb Code    82  _printf_str.o(.text)
    _printf_int_dec                          0x08000399   Thumb Code   104  _printf_dec.o(.text)
    _printf_charcount                        0x08000411   Thumb Code    40  _printf_charcount.o(.text)
    _printf_char_common                      0x08000443   Thumb Code    32  _printf_char_common.o(.text)
    _sputc                                   0x08000469   Thumb Code    10  _sputc.o(.text)
    _printf_wctomb                           0x08000475   Thumb Code   182  _printf_wctomb.o(.text)
    _printf_longlong_dec                     0x08000531   Thumb Code   108  _printf_longlong_dec.o(.text)
    _printf_longlong_oct                     0x080005ad   Thumb Code    68  _printf_oct_int_ll.o(.text)
    _printf_int_oct                          0x080005f1   Thumb Code    24  _printf_oct_int_ll.o(.text)
    _printf_ll_oct                           0x08000609   Thumb Code    12  _printf_oct_int_ll.o(.text)
    _printf_longlong_hex                     0x0800061d   Thumb Code    86  _printf_hex_int_ll_ptr.o(.text)
    _printf_int_hex                          0x08000673   Thumb Code    28  _printf_hex_int_ll_ptr.o(.text)
    _printf_ll_hex                           0x0800068f   Thumb Code    12  _printf_hex_int_ll_ptr.o(.text)
    _printf_hex_ptr                          0x0800069b   Thumb Code    18  _printf_hex_int_ll_ptr.o(.text)
    __printf                                 0x080006b1   Thumb Code   388  __printf_flags_ss_wp.o(.text)
    _ll_udiv10                               0x08000839   Thumb Code   138  lludiv10.o(.text)
    _printf_int_common                       0x080008c3   Thumb Code   178  _printf_intcommon.o(.text)
    _printf_fp_dec_real                      0x08000b25   Thumb Code   620  _printf_fp_dec.o(.text)
    _printf_fp_hex_real                      0x08000d91   Thumb Code   756  _printf_fp_hex.o(.text)
    _printf_cs_common                        0x0800108d   Thumb Code    20  _printf_char.o(.text)
    _printf_char                             0x080010a1   Thumb Code    16  _printf_char.o(.text)
    _printf_string                           0x080010b1   Thumb Code     8  _printf_char.o(.text)
    _printf_lcs_common                       0x080010b9   Thumb Code    20  _printf_wchar.o(.text)
    _printf_wchar                            0x080010cd   Thumb Code    16  _printf_wchar.o(.text)
    _printf_wstring                          0x080010dd   Thumb Code     8  _printf_wchar.o(.text)
    _c16rtomb                                0x080010e5   Thumb Code    72  _c16rtomb.o(.text)
    _wcrtomb                                 0x080010e5   Thumb Code     0  _c16rtomb.o(.text)
    __user_setup_stackheap                   0x0800112d   Thumb Code    74  sys_stackheap_outer.o(.text)
    __rt_ctype_table                         0x08001179   Thumb Code    16  rt_ctype_table.o(.text)
    __rt_locale                              0x08001189   Thumb Code     8  rt_locale_intlibspace.o(.text)
    _printf_fp_infnan                        0x08001191   Thumb Code   112  _printf_fp_infnan.o(.text)
    _btod_etento                             0x08001211   Thumb Code   224  bigflt0.o(.text)
    exit                                     0x080012f5   Thumb Code    18  exit.o(.text)
    __user_libspace                          0x08001309   Thumb Code     8  libspace.o(.text)
    __user_perproc_libspace                  0x08001309   Thumb Code     0  libspace.o(.text)
    __user_perthread_libspace                0x08001309   Thumb Code     0  libspace.o(.text)
    strcmp                                   0x08001311   Thumb Code   128  strcmpv7m.o(.text)
    _sys_exit                                0x08001391   Thumb Code     8  sys_exit.o(.text)
    __I$use$semihosting                      0x0800139d   Thumb Code     0  use_no_semi.o(.text)
    __use_no_semihosting_swi                 0x0800139d   Thumb Code     2  use_no_semi.o(.text)
    __semihosting_library_function           0x0800139f   Thumb Code     0  indicate_semi.o(.text)
    ADC_Config                               0x080013a1   Thumb Code    94  batterie.o(.text.ADC_Config)
    ADC_Read                                 0x08001401   Thumb Code    52  batterie.o(.text.ADC_Read)
    Batterie_read                            0x08001435   Thumb Code    82  batterie.o(.text.Batterie_read)
    Batterie_write                           0x08001489   Thumb Code    68  batterie.o(.text.Batterie_write)
    EXTI4_IRQHandler                         0x080014cd   Thumb Code    92  girouette.o(.text.EXTI4_IRQHandler)
    Girouette_Config                         0x08001529   Thumb Code   238  girouette.o(.text.Girouette_Config)
    Girouette_Read                           0x08001619   Thumb Code    52  girouette.o(.text.Girouette_Read)
    Plateau_PWM                              0x0800164d   Thumb Code    86  plateau.o(.text.Plateau_PWM)
    Plateau_Sens                             0x080016a5   Thumb Code    66  plateau.o(.text.Plateau_Sens)
    Plateau_config                           0x080016e9   Thumb Code   180  plateau.o(.text.Plateau_config)
    SystemInit                               0x080018c9   Thumb Code   102  system_stm32f10x_1.o(.text.SystemInit)
    TIM1_UP_IRQHandler                       0x08001931   Thumb Code    32  mytimer.o(.text.TIM1_UP_IRQHandler)
    TIM2_IRQHandler                          0x08001951   Thumb Code    46  mytimer.o(.text.TIM2_IRQHandler)
    TIM3_IRQHandler                          0x08001981   Thumb Code    32  mytimer.o(.text.TIM3_IRQHandler)
    TIM4_IRQHandler                          0x080019a1   Thumb Code    32  mytimer.o(.text.TIM4_IRQHandler)
    UART_Angle_Message                       0x080019c1   Thumb Code   978  uart.o(.text.UART_Angle_Message)
    UART_ReceiveChar                         0x08001d95   Thumb Code    36  uart.o(.text.UART_ReceiveChar)
    UART_SendChar                            0x08001db9   Thumb Code    46  uart.o(.text.UART_SendChar)
    UART_SendString                          0x08001de9   Thumb Code    36  uart.o(.text.UART_SendString)
    UART_config                              0x08001e0d   Thumb Code    88  uart.o(.text.UART_config)
    Voile_Affine                             0x08001e65   Thumb Code   208  voile.o(.text.Voile_Affine)
    Voile_Set_teta                           0x08001f35   Thumb Code    34  voile.o(.text.Voile_Set_teta)
    Voile_config                             0x08001f59   Thumb Code   156  voile.o(.text.Voile_config)
    main                                     0x08002025   Thumb Code   188  principal.o(.text.main)
    map_angle_to_pwm                         0x080020e1   Thumb Code   152  voile.o(.text.map_angle_to_pwm)
    _btod_d2e                                0x08002179   Thumb Code    62  btod.o(CL$$btod_d2e)
    _d2e_denorm_low                          0x080021b7   Thumb Code    70  btod.o(CL$$btod_d2e_denorm_low)
    _d2e_norm_op1                            0x080021fd   Thumb Code    96  btod.o(CL$$btod_d2e_norm_op1)
    __btod_div_common                        0x0800225d   Thumb Code   696  btod.o(CL$$btod_div_common)
    _e2e                                     0x08002595   Thumb Code   220  btod.o(CL$$btod_e2e)
    _btod_ediv                               0x08002671   Thumb Code    42  btod.o(CL$$btod_ediv)
    _btod_emul                               0x0800269b   Thumb Code    42  btod.o(CL$$btod_emul)
    __btod_mult_common                       0x080026c5   Thumb Code   580  btod.o(CL$$btod_mult_common)
    __ARM_fpclassify                         0x08002909   Thumb Code    40  fpclassify.o(i.__ARM_fpclassify)
    _is_digit                                0x08002931   Thumb Code    14  __printf_wp.o(i._is_digit)
    _get_lc_numeric                          0x08002941   Thumb Code    44  lc_numeric_c.o(locale$$code)
    _get_lc_ctype                            0x0800296d   Thumb Code    44  lc_ctype_c.o(locale$$code)
    __aeabi_d2f                              0x08002999   Thumb Code     0  d2f.o(x$fpl$d2f)
    _d2f                                     0x08002999   Thumb Code    98  d2f.o(x$fpl$d2f)
    __aeabi_dadd                             0x080029fd   Thumb Code     0  daddsub_clz.o(x$fpl$dadd)
    _dadd                                    0x080029fd   Thumb Code   332  daddsub_clz.o(x$fpl$dadd)
    __fpl_dcmp_Inf                           0x08002b4d   Thumb Code    24  dcmpi.o(x$fpl$dcmpinf)
    __aeabi_ddiv                             0x08002b65   Thumb Code     0  ddiv.o(x$fpl$ddiv)
    _ddiv                                    0x08002b65   Thumb Code   560  ddiv.o(x$fpl$ddiv)
    __aeabi_cdcmpeq                          0x08002e1d   Thumb Code     0  deqf.o(x$fpl$deqf)
    _dcmpeq                                  0x08002e1d   Thumb Code   120  deqf.o(x$fpl$deqf)
    __aeabi_d2iz                             0x08002e95   Thumb Code     0  dfix.o(x$fpl$dfix)
    _dfix                                    0x08002e95   Thumb Code    94  dfix.o(x$fpl$dfix)
    __aeabi_i2d                              0x08002ef3   Thumb Code     0  dflt_clz.o(x$fpl$dflt)
    _dflt                                    0x08002ef3   Thumb Code    46  dflt_clz.o(x$fpl$dflt)
    __aeabi_cdcmpge                          0x08002f21   Thumb Code     0  dgeqf.o(x$fpl$dgeqf)
    _dcmpge                                  0x08002f21   Thumb Code   120  dgeqf.o(x$fpl$dgeqf)
    __aeabi_cdcmple                          0x08002f99   Thumb Code     0  dleqf.o(x$fpl$dleqf)
    _dcmple                                  0x08002f99   Thumb Code   120  dleqf.o(x$fpl$dleqf)
    __fpl_dcmple_InfNaN                      0x08002ffb   Thumb Code     0  dleqf.o(x$fpl$dleqf)
    __aeabi_dmul                             0x08003011   Thumb Code     0  dmul.o(x$fpl$dmul)
    _dmul                                    0x08003011   Thumb Code   332  dmul.o(x$fpl$dmul)
    __fpl_dnaninf                            0x08003165   Thumb Code   156  dnaninf.o(x$fpl$dnaninf)
    __fpl_dretinf                            0x08003201   Thumb Code    12  dretinf.o(x$fpl$dretinf)
    __aeabi_dsub                             0x0800320d   Thumb Code     0  daddsub_clz.o(x$fpl$dsub)
    _dsub                                    0x0800320d   Thumb Code   472  daddsub_clz.o(x$fpl$dsub)
    __aeabi_f2d                              0x080033e9   Thumb Code     0  f2d.o(x$fpl$f2d)
    _f2d                                     0x080033e9   Thumb Code    86  f2d.o(x$fpl$f2d)
    __aeabi_dcmpeq                           0x0800343f   Thumb Code     0  dcmp.o(x$fpl$fcmp)
    _deq                                     0x0800343f   Thumb Code    14  dcmp.o(x$fpl$fcmp)
    _dneq                                    0x0800344d   Thumb Code    14  dcmp.o(x$fpl$fcmp)
    __aeabi_dcmpgt                           0x0800345b   Thumb Code     0  dcmp.o(x$fpl$fcmp)
    _dgr                                     0x0800345b   Thumb Code    14  dcmp.o(x$fpl$fcmp)
    __aeabi_dcmpge                           0x08003469   Thumb Code     0  dcmp.o(x$fpl$fcmp)
    _dgeq                                    0x08003469   Thumb Code    14  dcmp.o(x$fpl$fcmp)
    __aeabi_dcmple                           0x08003477   Thumb Code     0  dcmp.o(x$fpl$fcmp)
    _dleq                                    0x08003477   Thumb Code    14  dcmp.o(x$fpl$fcmp)
    __aeabi_dcmplt                           0x08003485   Thumb Code     0  dcmp.o(x$fpl$fcmp)
    _dls                                     0x08003485   Thumb Code    14  dcmp.o(x$fpl$fcmp)
    __aeabi_fcmpeq                           0x08003493   Thumb Code     0  fcmp.o(x$fpl$fcmp)
    _feq                                     0x08003493   Thumb Code    14  fcmp.o(x$fpl$fcmp)
    _fneq                                    0x080034a1   Thumb Code    14  fcmp.o(x$fpl$fcmp)
    __aeabi_fcmpgt                           0x080034af   Thumb Code     0  fcmp.o(x$fpl$fcmp)
    _fgr                                     0x080034af   Thumb Code    14  fcmp.o(x$fpl$fcmp)
    __aeabi_fcmpge                           0x080034bd   Thumb Code     0  fcmp.o(x$fpl$fcmp)
    _fgeq                                    0x080034bd   Thumb Code    14  fcmp.o(x$fpl$fcmp)
    __aeabi_fcmple                           0x080034cb   Thumb Code     0  fcmp.o(x$fpl$fcmp)
    _fleq                                    0x080034cb   Thumb Code    14  fcmp.o(x$fpl$fcmp)
    __aeabi_fcmplt                           0x080034d9   Thumb Code     0  fcmp.o(x$fpl$fcmp)
    _fls                                     0x080034d9   Thumb Code    14  fcmp.o(x$fpl$fcmp)
    __fpl_fcmp_Inf                           0x080034e7   Thumb Code    24  fcmpi.o(x$fpl$fcmpinf)
    __aeabi_fdiv                             0x08003501   Thumb Code     0  fdiv.o(x$fpl$fdiv)
    _fdiv                                    0x08003501   Thumb Code   384  fdiv.o(x$fpl$fdiv)
    __aeabi_cfcmpeq                          0x08003685   Thumb Code     0  feqf.o(x$fpl$feqf)
    _fcmpeq                                  0x08003685   Thumb Code   104  feqf.o(x$fpl$feqf)
    __aeabi_f2iz                             0x080036ed   Thumb Code     0  ffix.o(x$fpl$ffix)
    _ffix                                    0x080036ed   Thumb Code    54  ffix.o(x$fpl$ffix)
    __aeabi_i2f                              0x08003725   Thumb Code     0  fflt_clz.o(x$fpl$fflt)
    _fflt                                    0x08003725   Thumb Code    48  fflt_clz.o(x$fpl$fflt)
    _fcmpge                                  0x08003755   Thumb Code   104  fgeqf.o(x$fpl$fgeqf)
    __aeabi_cfcmple                          0x080037bd   Thumb Code     0  fleqf.o(x$fpl$fleqf)
    _fcmple                                  0x080037bd   Thumb Code   104  fleqf.o(x$fpl$fleqf)
    __fpl_fcmple_InfNaN                      0x0800380f   Thumb Code     0  fleqf.o(x$fpl$fleqf)
    __aeabi_fmul                             0x08003825   Thumb Code     0  fmul.o(x$fpl$fmul)
    _fmul                                    0x08003825   Thumb Code   258  fmul.o(x$fpl$fmul)
    __fpl_fnaninf                            0x08003927   Thumb Code   140  fnaninf.o(x$fpl$fnaninf)
    __fpl_fretinf                            0x080039b3   Thumb Code    10  fretinf.o(x$fpl$fretinf)
    _printf_fp_dec                           0x080039bd   Thumb Code     4  printf1.o(x$fpl$printf1)
    _printf_fp_hex                           0x080039c1   Thumb Code     4  printf2.o(x$fpl$printf2)
    __I$use$fp                               0x080039c4   Number         0  usenofp.o(x$fpl$usenofp)
    Region$$Table$$Base                      0x08003bdc   Number         0  anon$$obj.o(Region$$Table)
    Region$$Table$$Limit                     0x08003bfc   Number         0  anon$$obj.o(Region$$Table)
    __ctype                                  0x08003c25   Data           0  lc_ctype_c.o(locale$$data)
    batterie_a                               0x20000000   Data           4  batterie.o(.data.batterie_a)
    precedent                                0x20000004   Data           4  uart.o(.data.precedent)
    __libspace_start                         0x20000008   Data          96  libspace.o(.bss)
    __temporary_stack_top$libspace           0x20000068   Data           0  libspace.o(.bss)
    angle                                    0x20000068   Data           4  principal.o(.bss.angle)
    f1                                       0x2000006c   Data           4  mytimer.o(.bss.f1)
    f2                                       0x20000070   Data           4  mytimer.o(.bss.f2)
    f3                                       0x20000074   Data           4  mytimer.o(.bss.f3)
    f4                                       0x20000078   Data           4  mytimer.o(.bss.f4)
    interruption                             0x2000007c   Data           1  girouette.o(.bss.interruption)
    sens                                     0x2000007d   Data           1  principal.o(.bss.sens)
    teta                                     0x20000080   Data           4  principal.o(.bss.teta)
    vitesse                                  0x20000084   Data           4  principal.o(.bss.vitesse)



==============================================================================

Memory Map of the image

  Image Entry point : 0x08000261

  Load Region LR_1 (Base: 0x08000000, Size: 0x00003d30, Max: 0xffffffff, ABSOLUTE)

    Execution Region ER_RO (Exec base: 0x08000000, Load base: 0x08000000, Size: 0x00003d28, Max: 0xffffffff, ABSOLUTE)

    Exec Addr    Load Addr    Size         Type   Attr      Idx    E Section Name        Object

    0x08000000   0x08000000   0x000000ec   Data   RO          123    RESET               startup_stm32f10x_md.o
    0x080000ec   0x080000ec   0x00000008   Code   RO          153  * !!!main             c_w.l(__main.o)
    0x080000f4   0x080000f4   0x0000005c   Code   RO          560    !!!scatter          c_w.l(__scatter.o)
    0x08000150   0x08000150   0x0000001a   Code   RO          564    !!handler_copy      c_w.l(__scatter_copy.o)
    0x0800016a   0x0800016a   0x00000002   PAD
    0x0800016c   0x0800016c   0x00000002   Code   RO          561    !!handler_null      c_w.l(__scatter.o)
    0x0800016e   0x0800016e   0x00000002   PAD
    0x08000170   0x08000170   0x0000001c   Code   RO          566    !!handler_zi        c_w.l(__scatter_zi.o)
    0x0800018c   0x0800018c   0x00000000   Code   RO          283    .ARM.Collect$$_printf_percent$$00000000  c_w.l(_printf_percent.o)
    0x0800018c   0x0800018c   0x00000006   Code   RO          272    .ARM.Collect$$_printf_percent$$00000001  c_w.l(_printf_n.o)
    0x08000192   0x08000192   0x00000006   Code   RO          274    .ARM.Collect$$_printf_percent$$00000002  c_w.l(_printf_p.o)
    0x08000198   0x08000198   0x00000006   Code   RO          279    .ARM.Collect$$_printf_percent$$00000003  c_w.l(_printf_f.o)
    0x0800019e   0x0800019e   0x00000006   Code   RO          280    .ARM.Collect$$_printf_percent$$00000004  c_w.l(_printf_e.o)
    0x080001a4   0x080001a4   0x00000006   Code   RO          281    .ARM.Collect$$_printf_percent$$00000005  c_w.l(_printf_g.o)
    0x080001aa   0x080001aa   0x00000006   Code   RO          282    .ARM.Collect$$_printf_percent$$00000006  c_w.l(_printf_a.o)
    0x080001b0   0x080001b0   0x0000000a   Code   RO          287    .ARM.Collect$$_printf_percent$$00000007  c_w.l(_printf_ll.o)
    0x080001ba   0x080001ba   0x00000006   Code   RO          276    .ARM.Collect$$_printf_percent$$00000008  c_w.l(_printf_i.o)
    0x080001c0   0x080001c0   0x00000006   Code   RO          277    .ARM.Collect$$_printf_percent$$00000009  c_w.l(_printf_d.o)
    0x080001c6   0x080001c6   0x00000006   Code   RO          278    .ARM.Collect$$_printf_percent$$0000000A  c_w.l(_printf_u.o)
    0x080001cc   0x080001cc   0x00000006   Code   RO          275    .ARM.Collect$$_printf_percent$$0000000B  c_w.l(_printf_o.o)
    0x080001d2   0x080001d2   0x00000006   Code   RO          273    .ARM.Collect$$_printf_percent$$0000000C  c_w.l(_printf_x.o)
    0x080001d8   0x080001d8   0x00000006   Code   RO          284    .ARM.Collect$$_printf_percent$$0000000D  c_w.l(_printf_lli.o)
    0x080001de   0x080001de   0x00000006   Code   RO          285    .ARM.Collect$$_printf_percent$$0000000E  c_w.l(_printf_lld.o)
    0x080001e4   0x080001e4   0x00000006   Code   RO          286    .ARM.Collect$$_printf_percent$$0000000F  c_w.l(_printf_llu.o)
    0x080001ea   0x080001ea   0x00000006   Code   RO          291    .ARM.Collect$$_printf_percent$$00000010  c_w.l(_printf_llo.o)
    0x080001f0   0x080001f0   0x00000006   Code   RO          292    .ARM.Collect$$_printf_percent$$00000011  c_w.l(_printf_llx.o)
    0x080001f6   0x080001f6   0x0000000a   Code   RO          288    .ARM.Collect$$_printf_percent$$00000012  c_w.l(_printf_l.o)
    0x08000200   0x08000200   0x00000006   Code   RO          270    .ARM.Collect$$_printf_percent$$00000013  c_w.l(_printf_c.o)
    0x08000206   0x08000206   0x00000006   Code   RO          271    .ARM.Collect$$_printf_percent$$00000014  c_w.l(_printf_s.o)
    0x0800020c   0x0800020c   0x00000006   Code   RO          289    .ARM.Collect$$_printf_percent$$00000015  c_w.l(_printf_lc.o)
    0x08000212   0x08000212   0x00000006   Code   RO          290    .ARM.Collect$$_printf_percent$$00000016  c_w.l(_printf_ls.o)
    0x08000218   0x08000218   0x00000004   Code   RO          354    .ARM.Collect$$_printf_percent$$00000017  c_w.l(_printf_percent_end.o)
    0x0800021c   0x0800021c   0x00000002   Code   RO          409    .ARM.Collect$$libinit$$00000000  c_w.l(libinit.o)
    0x0800021e   0x0800021e   0x00000000   Code   RO          427    .ARM.Collect$$libinit$$00000002  c_w.l(libinit2.o)
    0x0800021e   0x0800021e   0x00000000   Code   RO          429    .ARM.Collect$$libinit$$00000004  c_w.l(libinit2.o)
    0x0800021e   0x0800021e   0x00000000   Code   RO          431    .ARM.Collect$$libinit$$00000006  c_w.l(libinit2.o)
    0x0800021e   0x0800021e   0x00000000   Code   RO          434    .ARM.Collect$$libinit$$0000000C  c_w.l(libinit2.o)
    0x0800021e   0x0800021e   0x00000000   Code   RO          436    .ARM.Collect$$libinit$$0000000E  c_w.l(libinit2.o)
    0x0800021e   0x0800021e   0x00000000   Code   RO          438    .ARM.Collect$$libinit$$00000010  c_w.l(libinit2.o)
    0x0800021e   0x0800021e   0x00000006   Code   RO          439    .ARM.Collect$$libinit$$00000011  c_w.l(libinit2.o)
    0x08000224   0x08000224   0x00000000   Code   RO          441    .ARM.Collect$$libinit$$00000013  c_w.l(libinit2.o)
    0x08000224   0x08000224   0x0000000c   Code   RO          442    .ARM.Collect$$libinit$$00000014  c_w.l(libinit2.o)
    0x08000230   0x08000230   0x00000000   Code   RO          443    .ARM.Collect$$libinit$$00000015  c_w.l(libinit2.o)
    0x08000230   0x08000230   0x00000000   Code   RO          445    .ARM.Collect$$libinit$$00000017  c_w.l(libinit2.o)
    0x08000230   0x08000230   0x0000000a   Code   RO          446    .ARM.Collect$$libinit$$00000018  c_w.l(libinit2.o)
    0x0800023a   0x0800023a   0x00000000   Code   RO          447    .ARM.Collect$$libinit$$00000019  c_w.l(libinit2.o)
    0x0800023a   0x0800023a   0x00000000   Code   RO          449    .ARM.Collect$$libinit$$0000001B  c_w.l(libinit2.o)
    0x0800023a   0x0800023a   0x00000000   Code   RO          451    .ARM.Collect$$libinit$$0000001D  c_w.l(libinit2.o)
    0x0800023a   0x0800023a   0x00000000   Code   RO          453    .ARM.Collect$$libinit$$0000001F  c_w.l(libinit2.o)
    0x0800023a   0x0800023a   0x00000000   Code   RO          455    .ARM.Collect$$libinit$$00000021  c_w.l(libinit2.o)
    0x0800023a   0x0800023a   0x00000000   Code   RO          457    .ARM.Collect$$libinit$$00000023  c_w.l(libinit2.o)
    0x0800023a   0x0800023a   0x00000000   Code   RO          459    .ARM.Collect$$libinit$$00000025  c_w.l(libinit2.o)
    0x0800023a   0x0800023a   0x00000000   Code   RO          461    .ARM.Collect$$libinit$$00000027  c_w.l(libinit2.o)
    0x0800023a   0x0800023a   0x00000000   Code   RO          465    .ARM.Collect$$libinit$$0000002E  c_w.l(libinit2.o)
    0x0800023a   0x0800023a   0x00000000   Code   RO          467    .ARM.Collect$$libinit$$00000030  c_w.l(libinit2.o)
    0x0800023a   0x0800023a   0x00000000   Code   RO          469    .ARM.Collect$$libinit$$00000032  c_w.l(libinit2.o)
    0x0800023a   0x0800023a   0x00000000   Code   RO          471    .ARM.Collect$$libinit$$00000034  c_w.l(libinit2.o)
    0x0800023a   0x0800023a   0x00000002   Code   RO          472    .ARM.Collect$$libinit$$00000035  c_w.l(libinit2.o)
    0x0800023c   0x0800023c   0x00000002   Code   RO          496    .ARM.Collect$$libshutdown$$00000000  c_w.l(libshutdown.o)
    0x0800023e   0x0800023e   0x00000000   Code   RO          511    .ARM.Collect$$libshutdown$$00000002  c_w.l(libshutdown2.o)
    0x0800023e   0x0800023e   0x00000000   Code   RO          513    .ARM.Collect$$libshutdown$$00000004  c_w.l(libshutdown2.o)
    0x0800023e   0x0800023e   0x00000000   Code   RO          516    .ARM.Collect$$libshutdown$$00000007  c_w.l(libshutdown2.o)
    0x0800023e   0x0800023e   0x00000000   Code   RO          519    .ARM.Collect$$libshutdown$$0000000A  c_w.l(libshutdown2.o)
    0x0800023e   0x0800023e   0x00000000   Code   RO          521    .ARM.Collect$$libshutdown$$0000000C  c_w.l(libshutdown2.o)
    0x0800023e   0x0800023e   0x00000000   Code   RO          524    .ARM.Collect$$libshutdown$$0000000F  c_w.l(libshutdown2.o)
    0x0800023e   0x0800023e   0x00000002   Code   RO          525    .ARM.Collect$$libshutdown$$00000010  c_w.l(libshutdown2.o)
    0x08000240   0x08000240   0x00000000   Code   RO          201    .ARM.Collect$$rtentry$$00000000  c_w.l(__rtentry.o)
    0x08000240   0x08000240   0x00000000   Code   RO          323    .ARM.Collect$$rtentry$$00000002  c_w.l(__rtentry2.o)
    0x08000240   0x08000240   0x00000006   Code   RO          335    .ARM.Collect$$rtentry$$00000004  c_w.l(__rtentry4.o)
    0x08000246   0x08000246   0x00000000   Code   RO          325    .ARM.Collect$$rtentry$$00000009  c_w.l(__rtentry2.o)
    0x08000246   0x08000246   0x00000004   Code   RO          326    .ARM.Collect$$rtentry$$0000000A  c_w.l(__rtentry2.o)
    0x0800024a   0x0800024a   0x00000000   Code   RO          328    .ARM.Collect$$rtentry$$0000000C  c_w.l(__rtentry2.o)
    0x0800024a   0x0800024a   0x00000008   Code   RO          329    .ARM.Collect$$rtentry$$0000000D  c_w.l(__rtentry2.o)
    0x08000252   0x08000252   0x00000002   Code   RO          417    .ARM.Collect$$rtexit$$00000000  c_w.l(rtexit.o)
    0x08000254   0x08000254   0x00000000   Code   RO          474    .ARM.Collect$$rtexit$$00000002  c_w.l(rtexit2.o)
    0x08000254   0x08000254   0x00000004   Code   RO          475    .ARM.Collect$$rtexit$$00000003  c_w.l(rtexit2.o)
    0x08000258   0x08000258   0x00000006   Code   RO          476    .ARM.Collect$$rtexit$$00000004  c_w.l(rtexit2.o)
    0x0800025e   0x0800025e   0x00000002   PAD
    0x08000260   0x08000260   0x00000040   Code   RO          124  * .text               startup_stm32f10x_md.o
    0x080002a0   0x080002a0   0x0000002c   Code   RO          149    .text               c_w.l(sprintf.o)
    0x080002cc   0x080002cc   0x00000006   Code   RO          151    .text               c_w.l(heapauxi.o)
    0x080002d2   0x080002d2   0x0000004e   Code   RO          204    .text               c_w.l(_printf_pad.o)
    0x08000320   0x08000320   0x00000024   Code   RO          206    .text               c_w.l(_printf_truncate.o)
    0x08000344   0x08000344   0x00000052   Code   RO          208    .text               c_w.l(_printf_str.o)
    0x08000396   0x08000396   0x00000002   PAD
    0x08000398   0x08000398   0x00000078   Code   RO          210    .text               c_w.l(_printf_dec.o)
    0x08000410   0x08000410   0x00000028   Code   RO          212    .text               c_w.l(_printf_charcount.o)
    0x08000438   0x08000438   0x00000030   Code   RO          214    .text               c_w.l(_printf_char_common.o)
    0x08000468   0x08000468   0x0000000a   Code   RO          216    .text               c_w.l(_sputc.o)
    0x08000472   0x08000472   0x00000002   PAD
    0x08000474   0x08000474   0x000000bc   Code   RO          218    .text               c_w.l(_printf_wctomb.o)
    0x08000530   0x08000530   0x0000007c   Code   RO          221    .text               c_w.l(_printf_longlong_dec.o)
    0x080005ac   0x080005ac   0x00000070   Code   RO          227    .text               c_w.l(_printf_oct_int_ll.o)
    0x0800061c   0x0800061c   0x00000094   Code   RO          247    .text               c_w.l(_printf_hex_int_ll_ptr.o)
    0x080006b0   0x080006b0   0x00000188   Code   RO          267    .text               c_w.l(__printf_flags_ss_wp.o)
    0x08000838   0x08000838   0x0000008a   Code   RO          337    .text               c_w.l(lludiv10.o)
    0x080008c2   0x080008c2   0x000000b2   Code   RO          339    .text               c_w.l(_printf_intcommon.o)
    0x08000974   0x08000974   0x0000041c   Code   RO          341    .text               c_w.l(_printf_fp_dec.o)
    0x08000d90   0x08000d90   0x000002fc   Code   RO          345    .text               c_w.l(_printf_fp_hex.o)
    0x0800108c   0x0800108c   0x0000002c   Code   RO          350    .text               c_w.l(_printf_char.o)
    0x080010b8   0x080010b8   0x0000002c   Code   RO          352    .text               c_w.l(_printf_wchar.o)
    0x080010e4   0x080010e4   0x00000048   Code   RO          355    .text               c_w.l(_c16rtomb.o)
    0x0800112c   0x0800112c   0x0000004a   Code   RO          361    .text               c_w.l(sys_stackheap_outer.o)
    0x08001176   0x08001176   0x00000002   PAD
    0x08001178   0x08001178   0x00000010   Code   RO          363    .text               c_w.l(rt_ctype_table.o)
    0x08001188   0x08001188   0x00000008   Code   RO          368    .text               c_w.l(rt_locale_intlibspace.o)
    0x08001190   0x08001190   0x00000080   Code   RO          370    .text               c_w.l(_printf_fp_infnan.o)
    0x08001210   0x08001210   0x000000e4   Code   RO          372    .text               c_w.l(bigflt0.o)
    0x080012f4   0x080012f4   0x00000012   Code   RO          402    .text               c_w.l(exit.o)
    0x08001306   0x08001306   0x00000002   PAD
    0x08001308   0x08001308   0x00000008   Code   RO          414    .text               c_w.l(libspace.o)
    0x08001310   0x08001310   0x00000080   Code   RO          424    .text               c_w.l(strcmpv7m.o)
    0x08001390   0x08001390   0x0000000c   Code   RO          486    .text               c_w.l(sys_exit.o)
    0x0800139c   0x0800139c   0x00000002   Code   RO          501    .text               c_w.l(use_no_semi.o)
    0x0800139e   0x0800139e   0x00000000   Code   RO          503    .text               c_w.l(indicate_semi.o)
    0x0800139e   0x0800139e   0x00000002   PAD
    0x080013a0   0x080013a0   0x0000005e   Code   RO          105    .text.ADC_Config    batterie.o
    0x080013fe   0x080013fe   0x00000002   PAD
    0x08001400   0x08001400   0x00000034   Code   RO          107    .text.ADC_Read      batterie.o
    0x08001434   0x08001434   0x00000052   Code   RO          109    .text.Batterie_read  batterie.o
    0x08001486   0x08001486   0x00000002   PAD
    0x08001488   0x08001488   0x00000044   Code   RO          111    .text.Batterie_write  batterie.o
    0x080014cc   0x080014cc   0x0000005c   Code   RO           21    .text.EXTI4_IRQHandler  girouette.o
    0x08001528   0x08001528   0x000000ee   Code   RO           15    .text.Girouette_Config  girouette.o
    0x08001616   0x08001616   0x00000002   PAD
    0x08001618   0x08001618   0x00000034   Code   RO           19    .text.Girouette_Read  girouette.o
    0x0800164c   0x0800164c   0x00000056   Code   RO           77    .text.Plateau_PWM   plateau.o
    0x080016a2   0x080016a2   0x00000002   PAD
    0x080016a4   0x080016a4   0x00000042   Code   RO           75    .text.Plateau_Sens  plateau.o
    0x080016e6   0x080016e6   0x00000002   PAD
    0x080016e8   0x080016e8   0x000000b4   Code   RO           71    .text.Plateau_config  plateau.o
    0x0800179c   0x0800179c   0x00000008   Code   RO          133    .text.SetSysClock   system_stm32f10x_1.o
    0x080017a4   0x080017a4   0x00000122   Code   RO          137    .text.SetSysClockTo72  system_stm32f10x_1.o
    0x080018c6   0x080018c6   0x00000002   PAD
    0x080018c8   0x080018c8   0x00000066   Code   RO          131    .text.SystemInit    system_stm32f10x_1.o
    0x0800192e   0x0800192e   0x00000002   PAD
    0x08001930   0x08001930   0x00000020   Code   RO           33    .text.TIM1_UP_IRQHandler  mytimer.o
    0x08001950   0x08001950   0x0000002e   Code   RO           35    .text.TIM2_IRQHandler  mytimer.o
    0x0800197e   0x0800197e   0x00000002   PAD
    0x08001980   0x08001980   0x00000020   Code   RO           37    .text.TIM3_IRQHandler  mytimer.o
    0x080019a0   0x080019a0   0x00000020   Code   RO           39    .text.TIM4_IRQHandler  mytimer.o
    0x080019c0   0x080019c0   0x000003d2   Code   RO           94    .text.UART_Angle_Message  uart.o
    0x08001d92   0x08001d92   0x00000002   PAD
    0x08001d94   0x08001d94   0x00000024   Code   RO           90    .text.UART_ReceiveChar  uart.o
    0x08001db8   0x08001db8   0x0000002e   Code   RO           88    .text.UART_SendChar  uart.o
    0x08001de6   0x08001de6   0x00000002   PAD
    0x08001de8   0x08001de8   0x00000024   Code   RO           92    .text.UART_SendString  uart.o
    0x08001e0c   0x08001e0c   0x00000058   Code   RO           86    .text.UART_config   uart.o
    0x08001e64   0x08001e64   0x000000d0   Code   RO           58    .text.Voile_Affine  voile.o
    0x08001f34   0x08001f34   0x00000022   Code   RO           60    .text.Voile_Set_teta  voile.o
    0x08001f56   0x08001f56   0x00000002   PAD
    0x08001f58   0x08001f58   0x0000009c   Code   RO           56    .text.Voile_config  voile.o
    0x08001ff4   0x08001ff4   0x00000030   Code   RO           17    .text.__NVIC_EnableIRQ  girouette.o
    0x08002024   0x08002024   0x000000bc   Code   RO            2    .text.main          principal.o
    0x080020e0   0x080020e0   0x00000098   Code   RO           62    .text.map_angle_to_pwm  voile.o
    0x08002178   0x08002178   0x0000003e   Code   RO          375    CL$$btod_d2e        c_w.l(btod.o)
    0x080021b6   0x080021b6   0x00000046   Code   RO          377    CL$$btod_d2e_denorm_low  c_w.l(btod.o)
    0x080021fc   0x080021fc   0x00000060   Code   RO          376    CL$$btod_d2e_norm_op1  c_w.l(btod.o)
    0x0800225c   0x0800225c   0x00000338   Code   RO          385    CL$$btod_div_common  c_w.l(btod.o)
    0x08002594   0x08002594   0x000000dc   Code   RO          382    CL$$btod_e2e        c_w.l(btod.o)
    0x08002670   0x08002670   0x0000002a   Code   RO          379    CL$$btod_ediv       c_w.l(btod.o)
    0x0800269a   0x0800269a   0x0000002a   Code   RO          378    CL$$btod_emul       c_w.l(btod.o)
    0x080026c4   0x080026c4   0x00000244   Code   RO          384    CL$$btod_mult_common  c_w.l(btod.o)
    0x08002908   0x08002908   0x00000028   Code   RO          412    i.__ARM_fpclassify  m_ws.l(fpclassify.o)
    0x08002930   0x08002930   0x0000000e   Code   RO          260    i._is_digit         c_w.l(__printf_wp.o)
    0x0800293e   0x0800293e   0x00000002   PAD
    0x08002940   0x08002940   0x0000002c   Code   RO          400    locale$$code        c_w.l(lc_numeric_c.o)
    0x0800296c   0x0800296c   0x0000002c   Code   RO          422    locale$$code        c_w.l(lc_ctype_c.o)
    0x08002998   0x08002998   0x00000062   Code   RO          155    x$fpl$d2f           fz_ws.l(d2f.o)
    0x080029fa   0x080029fa   0x00000002   PAD
    0x080029fc   0x080029fc   0x00000150   Code   RO          157    x$fpl$dadd          fz_ws.l(daddsub_clz.o)
    0x08002b4c   0x08002b4c   0x00000018   Code   RO          357    x$fpl$dcmpinf       fz_ws.l(dcmpi.o)
    0x08002b64   0x08002b64   0x000002b8   Code   RO          166    x$fpl$ddiv          fz_ws.l(ddiv.o)
    0x08002e1c   0x08002e1c   0x00000078   Code   RO          293    x$fpl$deqf          fz_ws.l(deqf.o)
    0x08002e94   0x08002e94   0x0000005e   Code   RO          169    x$fpl$dfix          fz_ws.l(dfix.o)
    0x08002ef2   0x08002ef2   0x0000002e   Code   RO          174    x$fpl$dflt          fz_ws.l(dflt_clz.o)
    0x08002f20   0x08002f20   0x00000078   Code   RO          295    x$fpl$dgeqf         fz_ws.l(dgeqf.o)
    0x08002f98   0x08002f98   0x00000078   Code   RO          297    x$fpl$dleqf         fz_ws.l(dleqf.o)
    0x08003010   0x08003010   0x00000154   Code   RO          179    x$fpl$dmul          fz_ws.l(dmul.o)
    0x08003164   0x08003164   0x0000009c   Code   RO          299    x$fpl$dnaninf       fz_ws.l(dnaninf.o)
    0x08003200   0x08003200   0x0000000c   Code   RO          301    x$fpl$dretinf       fz_ws.l(dretinf.o)
    0x0800320c   0x0800320c   0x000001dc   Code   RO          159    x$fpl$dsub          fz_ws.l(daddsub_clz.o)
    0x080033e8   0x080033e8   0x00000056   Code   RO          181    x$fpl$f2d           fz_ws.l(f2d.o)
    0x0800343e   0x0800343e   0x00000054   Code   RO          163    x$fpl$fcmp          fz_ws.l(dcmp.o)
    0x08003492   0x08003492   0x00000054   Code   RO          183    x$fpl$fcmp          fz_ws.l(fcmp.o)
    0x080034e6   0x080034e6   0x00000018   Code   RO          359    x$fpl$fcmpinf       fz_ws.l(fcmpi.o)
    0x080034fe   0x080034fe   0x00000002   PAD
    0x08003500   0x08003500   0x00000184   Code   RO          186    x$fpl$fdiv          fz_ws.l(fdiv.o)
    0x08003684   0x08003684   0x00000068   Code   RO          303    x$fpl$feqf          fz_ws.l(feqf.o)
    0x080036ec   0x080036ec   0x00000036   Code   RO          189    x$fpl$ffix          fz_ws.l(ffix.o)
    0x08003722   0x08003722   0x00000002   PAD
    0x08003724   0x08003724   0x00000030   Code   RO          194    x$fpl$fflt          fz_ws.l(fflt_clz.o)
    0x08003754   0x08003754   0x00000068   Code   RO          305    x$fpl$fgeqf         fz_ws.l(fgeqf.o)
    0x080037bc   0x080037bc   0x00000068   Code   RO          307    x$fpl$fleqf         fz_ws.l(fleqf.o)
    0x08003824   0x08003824   0x00000102   Code   RO          199    x$fpl$fmul          fz_ws.l(fmul.o)
    0x08003926   0x08003926   0x0000008c   Code   RO          309    x$fpl$fnaninf       fz_ws.l(fnaninf.o)
    0x080039b2   0x080039b2   0x0000000a   Code   RO          311    x$fpl$fretinf       fz_ws.l(fretinf.o)
    0x080039bc   0x080039bc   0x00000004   Code   RO          313    x$fpl$printf1       fz_ws.l(printf1.o)
    0x080039c0   0x080039c0   0x00000004   Code   RO          315    x$fpl$printf2       fz_ws.l(printf2.o)
    0x080039c4   0x080039c4   0x00000000   Code   RO          321    x$fpl$usenofp       fz_ws.l(usenofp.o)
    0x080039c4   0x080039c4   0x00000008   Data   RO          219    .constdata          c_w.l(_printf_wctomb.o)
    0x080039cc   0x080039cc   0x00000028   Data   RO          248    .constdata          c_w.l(_printf_hex_int_ll_ptr.o)
    0x080039f4   0x080039f4   0x00000011   Data   RO          268    .constdata          c_w.l(__printf_flags_ss_wp.o)
    0x08003a05   0x08003a05   0x00000026   Data   RO          346    .constdata          c_w.l(_printf_fp_hex.o)
    0x08003a2b   0x08003a2b   0x00000001   PAD
    0x08003a2c   0x08003a2c   0x00000094   Data   RO          373    .constdata          c_w.l(bigflt0.o)
    0x08003ac0   0x08003ac0   0x0000010b   Data   RO           97    .rodata.str1.1      uart.o
    0x08003bcb   0x08003bcb   0x0000000f   Data   RO          114    .rodata.str1.1      batterie.o
    0x08003bda   0x08003bda   0x00000002   PAD
    0x08003bdc   0x08003bdc   0x00000020   Data   RO          559    Region$$Table       anon$$obj.o
    0x08003bfc   0x08003bfc   0x0000001c   Data   RO          399    locale$$data        c_w.l(lc_numeric_c.o)
    0x08003c18   0x08003c18   0x00000110   Data   RO          421    locale$$data        c_w.l(lc_ctype_c.o)


    Execution Region ER_RW (Exec base: 0x20000000, Load base: 0x08003d28, Size: 0x00000008, Max: 0xffffffff, ABSOLUTE)

    Exec Addr    Load Addr    Size         Type   Attr      Idx    E Section Name        Object

    0x20000000   0x08003d28   0x00000004   Data   RW          113    .data.batterie_a    batterie.o
    0x20000004   0x08003d2c   0x00000004   Data   RW           96    .data.precedent     uart.o


    Execution Region ER_ZI (Exec base: 0x20000008, Load base: 0x08003d30, Size: 0x00000680, Max: 0xffffffff, ABSOLUTE)

    Exec Addr    Load Addr    Size         Type   Attr      Idx    E Section Name        Object

    0x20000008        -       0x00000060   Zero   RW          415    .bss                c_w.l(libspace.o)
    0x20000068        -       0x00000004   Zero   RW            4    .bss.angle          principal.o
    0x2000006c        -       0x00000004   Zero   RW           45    .bss.f1             mytimer.o
    0x20000070        -       0x00000004   Zero   RW           46    .bss.f2             mytimer.o
    0x20000074        -       0x00000004   Zero   RW           47    .bss.f3             mytimer.o
    0x20000078        -       0x00000004   Zero   RW           48    .bss.f4             mytimer.o
    0x2000007c        -       0x00000001   Zero   RW           23    .bss.interruption   girouette.o
    0x2000007d        -       0x00000001   Zero   RW            7    .bss.sens           principal.o
    0x2000007e   0x08003d30   0x00000002   PAD
    0x20000080        -       0x00000004   Zero   RW            5    .bss.teta           principal.o
    0x20000084        -       0x00000004   Zero   RW            6    .bss.vitesse        principal.o
    0x20000088        -       0x00000200   Zero   RW          122    HEAP                startup_stm32f10x_md.o
    0x20000288        -       0x00000400   Zero   RW          121    STACK               startup_stm32f10x_md.o


==============================================================================

Image component sizes


      Code (inc. data)   RO Data    RW Data    ZI Data      Debug   Object Name

       296          0         15          4          0       2239   batterie.o
       430          0          0          0          1       4431   girouette.o
       142          0          0          0         16       3160   mytimer.o
       332          0          0          0          0       2620   plateau.o
       188          0          0          0         13        792   principal.o
        64         26        236          0       1536        816   startup_stm32f10x_md.o
       400          0          0          0          0       2937   system_stm32f10x_1.o
      1184          0        267          4          0       2606   uart.o
       550          0          0          0          0       2628   voile.o

    ----------------------------------------------------------------------
      3608         26        552          8       1568      22229   Object Totals
         0          0         32          0          0          0   (incl. Generated)
        22          0          2          0          2          0   (incl. Padding)

    ----------------------------------------------------------------------

      Code (inc. data)   RO Data    RW Data    ZI Data      Debug   Library Member Name

         8          0          0          0          0         68   __main.o
       392          4         17          0          0         92   __printf_flags_ss_wp.o
        14          0          0          0          0         68   __printf_wp.o
         0          0          0          0          0          0   __rtentry.o
        12          0          0          0          0          0   __rtentry2.o
         6          0          0          0          0          0   __rtentry4.o
        94          8          0          0          0          0   __scatter.o
        26          0          0          0          0          0   __scatter_copy.o
        28          0          0          0          0          0   __scatter_zi.o
        72          0          0          0          0         96   _c16rtomb.o
         6          0          0          0          0          0   _printf_a.o
         6          0          0          0          0          0   _printf_c.o
        44          0          0          0          0        108   _printf_char.o
        48          6          0          0          0         96   _printf_char_common.o
        40          0          0          0          0         68   _printf_charcount.o
         6          0          0          0          0          0   _printf_d.o
       120         16          0          0          0         92   _printf_dec.o
         6          0          0          0          0          0   _printf_e.o
         6          0          0          0          0          0   _printf_f.o
      1052          0          0          0          0        148   _printf_fp_dec.o
       764          8         38          0          0        100   _printf_fp_hex.o
       128         16          0          0          0         84   _printf_fp_infnan.o
         6          0          0          0          0          0   _printf_g.o
       148          4         40          0          0        160   _printf_hex_int_ll_ptr.o
         6          0          0          0          0          0   _printf_i.o
       178          0          0          0          0         88   _printf_intcommon.o
        10          0          0          0          0          0   _printf_l.o
         6          0          0          0          0          0   _printf_lc.o
        10          0          0          0          0          0   _printf_ll.o
         6          0          0          0          0          0   _printf_lld.o
         6          0          0          0          0          0   _printf_lli.o
         6          0          0          0          0          0   _printf_llo.o
         6          0          0          0          0          0   _printf_llu.o
         6          0          0          0          0          0   _printf_llx.o
       124         16          0          0          0         92   _printf_longlong_dec.o
         6          0          0          0          0          0   _printf_ls.o
         6          0          0          0          0          0   _printf_n.o
         6          0          0          0          0          0   _printf_o.o
       112          8          0          0          0        124   _printf_oct_int_ll.o
         6          0          0          0          0          0   _printf_p.o
        78          0          0          0          0        108   _printf_pad.o
         0          0          0          0          0          0   _printf_percent.o
         4          0          0          0          0          0   _printf_percent_end.o
         6          0          0          0          0          0   _printf_s.o
        82          0          0          0          0         80   _printf_str.o
        36          0          0          0          0         84   _printf_truncate.o
         6          0          0          0          0          0   _printf_u.o
        44          0          0          0          0        108   _printf_wchar.o
       188          6          8          0          0         92   _printf_wctomb.o
         6          0          0          0          0          0   _printf_x.o
        10          0          0          0          0         68   _sputc.o
       228          4        148          0          0         96   bigflt0.o
      1936        128          0          0          0        668   btod.o
        18          0          0          0          0         80   exit.o
         6          0          0          0          0        152   heapauxi.o
         0          0          0          0          0          0   indicate_semi.o
        44         10        272          0          0         76   lc_ctype_c.o
        44         10         28          0          0         76   lc_numeric_c.o
         2          0          0          0          0          0   libinit.o
        30          0          0          0          0          0   libinit2.o
         2          0          0          0          0          0   libshutdown.o
         2          0          0          0          0          0   libshutdown2.o
         8          4          0          0         96         68   libspace.o
       138          0          0          0          0         80   lludiv10.o
        16          4          0          0          0         76   rt_ctype_table.o
         8          4          0          0          0         68   rt_locale_intlibspace.o
         2          0          0          0          0          0   rtexit.o
        10          0          0          0          0          0   rtexit2.o
        44          6          0          0          0         84   sprintf.o
       128          0          0          0          0         68   strcmpv7m.o
        12          4          0          0          0         68   sys_exit.o
        74          0          0          0          0         80   sys_stackheap_outer.o
         2          0          0          0          0         68   use_no_semi.o
        98          4          0          0          0         92   d2f.o
       812         16          0          0          0        296   daddsub_clz.o
        84          0          0          0          0        196   dcmp.o
        24          0          0          0          0         68   dcmpi.o
       696        140          0          0          0        216   ddiv.o
       120          4          0          0          0         92   deqf.o
        94          4          0          0          0         92   dfix.o
        46          0          0          0          0         68   dflt_clz.o
       120          4          0          0          0         92   dgeqf.o
       120          4          0          0          0         92   dleqf.o
       340         12          0          0          0        104   dmul.o
       156          4          0          0          0         92   dnaninf.o
        12          0          0          0          0         68   dretinf.o
        86          4          0          0          0         84   f2d.o
        84          0          0          0          0        196   fcmp.o
        24          0          0          0          0         68   fcmpi.o
       388         76          0          0          0         96   fdiv.o
       104          4          0          0          0         84   feqf.o
        54          4          0          0          0         84   ffix.o
        48          0          0          0          0         68   fflt_clz.o
       104          4          0          0          0         84   fgeqf.o
       104          4          0          0          0         84   fleqf.o
       258          4          0          0          0         84   fmul.o
       140          4          0          0          0         84   fnaninf.o
        10          0          0          0          0         68   fretinf.o
         4          0          0          0          0         68   printf1.o
         4          0          0          0          0         68   printf2.o
         0          0          0          0          0          0   usenofp.o
        40          0          0          0          0         68   fpclassify.o

    ----------------------------------------------------------------------
     10944        562        552          0         96       6688   Library Totals
        24          0          1          0          0          0   (incl. Padding)

    ----------------------------------------------------------------------

      Code (inc. data)   RO Data    RW Data    ZI Data      Debug   Library Name

      6746        266        551          0         96       3832   c_w.l
      4134        296          0          0          0       2788   fz_ws.l
        40          0          0          0          0         68   m_ws.l

    ----------------------------------------------------------------------
     10944        562        552          0         96       6688   Library Totals

    ----------------------------------------------------------------------

==============================================================================


      Code (inc. data)   RO Data    RW Data    ZI Data      Debug   

     14552        588       1104          8       1664      25357   Grand Totals
     14552        588       1104          8       1664      25357   ELF Image Totals
     14552        588       1104          8          0          0   ROM Totals

==============================================================================

    Total RO  Size (Code + RO Data)                15656 (  15.29kB)
    Total RW  Size (RW Data + ZI Data)              1672 (   1.63kB)
    Total ROM Size (Code + RO Data + RW Data)      15664 (  15.30kB)

==============================================================================

